Archive member included to satisfy reference by file (symbol)

C:/ST/STM32CubeIDE_1.16.0/STM32CubeIDE/plugins/com.st.stm32cube.ide.mcu.externaltools.gnu-tools-for-stm32.13.3.rel1.win32_1.0.0.202411081344/tools/bin/../lib/gcc/arm-none-eabi/13.3.1/../../../../arm-none-eabi/lib/thumb/v7-m/nofp\libc_nano.a(libc_a-exit.o)
                              C:/ST/STM32CubeIDE_1.16.0/STM32CubeIDE/plugins/com.st.stm32cube.ide.mcu.externaltools.gnu-tools-for-stm32.13.3.rel1.win32_1.0.0.202411081344/tools/bin/../lib/gcc/arm-none-eabi/13.3.1/../../../../arm-none-eabi/lib/thumb/v7-m/nofp/crt0.o (exit)
C:/ST/STM32CubeIDE_1.16.0/STM32CubeIDE/plugins/com.st.stm32cube.ide.mcu.externaltools.gnu-tools-for-stm32.13.3.rel1.win32_1.0.0.202411081344/tools/bin/../lib/gcc/arm-none-eabi/13.3.1/../../../../arm-none-eabi/lib/thumb/v7-m/nofp\libc_nano.a(libc_a-findfp.o)
                              C:/ST/STM32CubeIDE_1.16.0/STM32CubeIDE/plugins/com.st.stm32cube.ide.mcu.externaltools.gnu-tools-for-stm32.13.3.rel1.win32_1.0.0.202411081344/tools/bin/../lib/gcc/arm-none-eabi/13.3.1/../../../../arm-none-eabi/lib/thumb/v7-m/nofp\libc_nano.a(libc_a-exit.o) (__stdio_exit_handler)
C:/ST/STM32CubeIDE_1.16.0/STM32CubeIDE/plugins/com.st.stm32cube.ide.mcu.externaltools.gnu-tools-for-stm32.13.3.rel1.win32_1.0.0.202411081344/tools/bin/../lib/gcc/arm-none-eabi/13.3.1/../../../../arm-none-eabi/lib/thumb/v7-m/nofp\libc_nano.a(libc_a-fwalk.o)
                              C:/ST/STM32CubeIDE_1.16.0/STM32CubeIDE/plugins/com.st.stm32cube.ide.mcu.externaltools.gnu-tools-for-stm32.13.3.rel1.win32_1.0.0.202411081344/tools/bin/../lib/gcc/arm-none-eabi/13.3.1/../../../../arm-none-eabi/lib/thumb/v7-m/nofp\libc_nano.a(libc_a-findfp.o) (_fwalk_sglue)
C:/ST/STM32CubeIDE_1.16.0/STM32CubeIDE/plugins/com.st.stm32cube.ide.mcu.externaltools.gnu-tools-for-stm32.13.3.rel1.win32_1.0.0.202411081344/tools/bin/../lib/gcc/arm-none-eabi/13.3.1/../../../../arm-none-eabi/lib/thumb/v7-m/nofp\libc_nano.a(libc_a-stdio.o)
                              C:/ST/STM32CubeIDE_1.16.0/STM32CubeIDE/plugins/com.st.stm32cube.ide.mcu.externaltools.gnu-tools-for-stm32.13.3.rel1.win32_1.0.0.202411081344/tools/bin/../lib/gcc/arm-none-eabi/13.3.1/../../../../arm-none-eabi/lib/thumb/v7-m/nofp\libc_nano.a(libc_a-findfp.o) (__sread)
C:/ST/STM32CubeIDE_1.16.0/STM32CubeIDE/plugins/com.st.stm32cube.ide.mcu.externaltools.gnu-tools-for-stm32.13.3.rel1.win32_1.0.0.202411081344/tools/bin/../lib/gcc/arm-none-eabi/13.3.1/../../../../arm-none-eabi/lib/thumb/v7-m/nofp\libc_nano.a(libc_a-memset.o)
                              C:/ST/STM32CubeIDE_1.16.0/STM32CubeIDE/plugins/com.st.stm32cube.ide.mcu.externaltools.gnu-tools-for-stm32.13.3.rel1.win32_1.0.0.202411081344/tools/bin/../lib/gcc/arm-none-eabi/13.3.1/../../../../arm-none-eabi/lib/thumb/v7-m/nofp/crt0.o (memset)
C:/ST/STM32CubeIDE_1.16.0/STM32CubeIDE/plugins/com.st.stm32cube.ide.mcu.externaltools.gnu-tools-for-stm32.13.3.rel1.win32_1.0.0.202411081344/tools/bin/../lib/gcc/arm-none-eabi/13.3.1/../../../../arm-none-eabi/lib/thumb/v7-m/nofp\libc_nano.a(libc_a-closer.o)
                              C:/ST/STM32CubeIDE_1.16.0/STM32CubeIDE/plugins/com.st.stm32cube.ide.mcu.externaltools.gnu-tools-for-stm32.13.3.rel1.win32_1.0.0.202411081344/tools/bin/../lib/gcc/arm-none-eabi/13.3.1/../../../../arm-none-eabi/lib/thumb/v7-m/nofp\libc_nano.a(libc_a-stdio.o) (_close_r)
C:/ST/STM32CubeIDE_1.16.0/STM32CubeIDE/plugins/com.st.stm32cube.ide.mcu.externaltools.gnu-tools-for-stm32.13.3.rel1.win32_1.0.0.202411081344/tools/bin/../lib/gcc/arm-none-eabi/13.3.1/../../../../arm-none-eabi/lib/thumb/v7-m/nofp\libc_nano.a(libc_a-reent.o)
                              C:/ST/STM32CubeIDE_1.16.0/STM32CubeIDE/plugins/com.st.stm32cube.ide.mcu.externaltools.gnu-tools-for-stm32.13.3.rel1.win32_1.0.0.202411081344/tools/bin/../lib/gcc/arm-none-eabi/13.3.1/../../../../arm-none-eabi/lib/thumb/v7-m/nofp\libc_nano.a(libc_a-closer.o) (errno)
C:/ST/STM32CubeIDE_1.16.0/STM32CubeIDE/plugins/com.st.stm32cube.ide.mcu.externaltools.gnu-tools-for-stm32.13.3.rel1.win32_1.0.0.202411081344/tools/bin/../lib/gcc/arm-none-eabi/13.3.1/../../../../arm-none-eabi/lib/thumb/v7-m/nofp\libc_nano.a(libc_a-impure.o)
                              C:/ST/STM32CubeIDE_1.16.0/STM32CubeIDE/plugins/com.st.stm32cube.ide.mcu.externaltools.gnu-tools-for-stm32.13.3.rel1.win32_1.0.0.202411081344/tools/bin/../lib/gcc/arm-none-eabi/13.3.1/../../../../arm-none-eabi/lib/thumb/v7-m/nofp\libc_nano.a(libc_a-reent.o) (_impure_ptr)
C:/ST/STM32CubeIDE_1.16.0/STM32CubeIDE/plugins/com.st.stm32cube.ide.mcu.externaltools.gnu-tools-for-stm32.13.3.rel1.win32_1.0.0.202411081344/tools/bin/../lib/gcc/arm-none-eabi/13.3.1/../../../../arm-none-eabi/lib/thumb/v7-m/nofp\libc_nano.a(libc_a-lseekr.o)
[...]
Memory Configuration

Name             Origin             Length             Attributes
RAM              0x20000000         0x00005000         xrw
FLASH            0x08000000         0x00010000         xr
*default*        0x00000000         0xffffffff

Linker script and memory map

LOAD C:/ST/STM32CubeIDE_1.16.0/STM32CubeIDE/plugins/com.st.stm32cube.ide.mcu.externaltools.gnu-tools-for-stm32.13.3.rel1.win32_1.0.0.202411081344/tools/bin/../lib/gcc/arm-none-eabi/13.3.1/thumb/v7-m/nofp/crti.o
LOAD C:/ST/STM32CubeIDE_1.16.0/STM32CubeIDE/plugins/com.st.stm32cube.ide.mcu.externaltools.gnu-tools-for-stm32.13.3.rel1.win32_1.0.0.202411081344/tools/bin/../lib/gcc/arm-none-eabi/13.3.1/thumb/v7-m/nofp/crtbegin.o
LOAD C:/ST/STM32CubeIDE_1.16.0/STM32CubeIDE/plugins/com.st.stm32cube.ide.mcu.externaltools.gnu-tools-for-stm32.13.3.rel1.win32_1.0.0.202411081344/tools/bin/../lib/gcc/arm-none-eabi/13.3.1/../../../../arm-none-eabi/lib/thumb/v7-m/nofp/crt0.o
LOAD ./Core/Src/Bootloader.o
LOAD ./Core/Src/Crc.o
LOAD ./Core/Src/FLASH_MANAGER.o
LOAD ./Core/Src/FLASH_module.o
LOAD ./Core/Src/NVIC.o
LOAD ./Core/Src/Rollback.o
LOAD ./Core/Src/UDS.o
LOAD ./Core/Src/can.o
LOAD ./Core/Src/cantp.o
LOAD ./Core/Src/clock.o
LOAD ./Core/Src/gpio.o
LOAD ./Core/Src/main.o
LOAD ./Core/Src/stm32f1xx_hal_msp.o
LOAD ./Core/Src/stm32f1xx_it.o
LOAD ./Core/Src/syscalls.o
LOAD ./Core/Src/sysmem.o
LOAD ./Core/Src/system_stm32f1xx.o
LOAD ./Core/Startup/startup_stm32f103c8tx.o
LOAD ./Drivers/STM32F1xx_HAL_Driver/Src/stm32f1xx_hal.o
LOAD ./Drivers/STM32F1xx_HAL_Driver/Src/stm32f1xx_hal_cortex.o
LOAD ./Drivers/STM32F1xx_HAL_Driver/Src/stm32f1xx_hal_dma.o
LOAD ./Drivers/STM32F1xx_HAL_Driver/Src/stm32f1xx_hal_exti.o
LOAD ./Drivers/STM32F1xx_HAL_Driver/Src/stm32f1xx_hal_flash.o
LOAD ./Drivers/STM32F1xx_HAL_Driver/Src/stm32f1xx_hal_flash_ex.o
LOAD ./Drivers/STM32F1xx_HAL_Driver/Src/stm32f1xx_hal_gpio.o
LOAD ./Drivers/STM32F1xx_HAL_Driver/Src/stm32f1xx_hal_gpio_ex.o
LOAD ./Drivers/STM32F1xx_HAL_Driver/Src/stm32f1xx_hal_pwr.o
LOAD ./Drivers/STM32F1xx_HAL_Driver/Src/stm32f1xx_hal_rcc.o
LOAD ./Drivers/STM32F1xx_HAL_Driver/Src/stm32f1xx_hal_rcc_ex.o
START GROUP
LOAD C:/ST/STM32CubeIDE_1.16.0/STM32CubeIDE/plugins/com.st.stm32cube.ide.mcu.externaltools.gnu-tools-for-stm32.13.3.rel1.win32_1.0.0.202411081344/tools/bin/../lib/gcc/arm-none-eabi/13.3.1/../../../../arm-none-eabi/lib/thumb/v7-m/nofp\libc_nano.a
LOAD C:/ST/STM32CubeIDE_1.16.0/STM32CubeIDE/plugins/com.st.stm32cube.ide.mcu.externaltools.gnu-tools-for-stm32.13.3.rel1.win32_1.0.0.202411081344/tools/bin/../lib/gcc/arm-none-eabi/13.3.1/../../../../arm-none-eabi/lib/thumb/v7-m/nofp\libm.a
END GROUP
START GROUP
LOAD C:/ST/STM32CubeIDE_1.16.0/STM32CubeIDE/plugins/com.st.stm32cube.ide.mcu.externaltools.gnu-tools-for-stm32.13.3.rel1.win32_1.0.0.202411081344/tools/bin/../lib/gcc/arm-none-eabi/13.3.1/thumb/v7-m/nofp\libgcc.a
LOAD C:/ST/STM32CubeIDE_1.16.0/STM32CubeIDE/plugins/com.st.stm32cube.ide.mcu.externaltools.gnu-tools-for-stm32.13.3.rel1.win32_1.0.0.202411081344/tools/bin/../lib/gcc/arm-none-eabi/13.3.1/../../../../arm-none-eabi/lib/thumb/v7-m/nofp\libc_nano.a
END GROUP
START GROUP
LOAD C:/ST/STM32CubeIDE_1.16.0/STM32CubeIDE/plugins/com.st.stm32cube.ide.mcu.externaltools.gnu-tools-for-stm32.13.3.rel1.win32_1.0.0.202411081344/tools/bin/../lib/gcc/arm-none-eabi/13.3.1/thumb/v7-m/nofp\libgcc.a
LOAD C:/ST/STM32CubeIDE_1.16.0/STM32CubeIDE/plugins/com.st.stm32cube.ide.mcu.externaltools.gnu-tools-for-stm32.13.3.rel1.win32_1.0.0.202411081344/tools/bin/../lib/gcc/arm-none-eabi/13.3.1/../../../../arm-none-eabi/lib/thumb/v7-m/nofp\libc_nano.a
LOAD C:/ST/STM32CubeIDE_1.16.0/STM32CubeIDE/plugins/com.st.stm32cube.ide.mcu.externaltools.gnu-tools-for-stm32.13.3.rel1.win32_1.0.0.202411081344/tools/bin/../lib/gcc/arm-none-eabi/13.3.1/../../../../arm-none-eabi/lib/thumb/v7-m/nofp\libnosys.a
END GROUP
START GROUP
LOAD C:/ST/STM32CubeIDE_1.16.0/STM32CubeIDE/plugins/com.st.stm32cube.ide.mcu.externaltools.gnu-tools-for-stm32.13.3.rel1.win32_1.0.0.202411081344/tools/bin/../lib/gcc/arm-none-eabi/13.3.1/thumb/v7-m/nofp\libgcc.a
LOAD C:/ST/STM32CubeIDE_1.16.0/STM32CubeIDE/plugins/com.st.stm32cube.ide.mcu.externaltools.gnu-tools-for-stm32.13.3.rel1.win32_1.0.0.202411081344/tools/bin/../lib/gcc/arm-none-eabi/13.3.1/../../../../arm-none-eabi/lib/thumb/v7-m/nofp\libc_nano.a
LOAD C:/ST/STM32CubeIDE_1.16.0/STM32CubeIDE/plugins/com.st.stm32cube.ide.mcu.externaltools.gnu-tools-for-stm32.13.3.rel1.win32_1.0.0.202411081344/tools/bin/../lib/gcc/arm-none-eabi/13.3.1/../../../../arm-none-eabi/lib/thumb/v7-m/nofp\libnosys.a
END GROUP
LOAD C:/ST/STM32CubeIDE_1.16.0/STM32CubeIDE/plugins/com.st.stm32cube.ide.mcu.externaltools.gnu-tools-for-stm32.13.3.rel1.win32_1.0.0.202411081344/tools/bin/../lib/gcc/arm-none-eabi/13.3.1/thumb/v7-m/nofp/crtend.o
LOAD C:/ST/STM32CubeIDE_1.16.0/STM32CubeIDE/plugins/com.st.stm32cube.ide.mcu.externaltools.gnu-tools-for-stm32.13.3.rel1.win32_1.0.0.202411081344/tools/bin/../lib/gcc/arm-none-eabi/13.3.1/thumb/v7-m/nofp/crtn.o
                0x20005000                        _estack = (ORIGIN (RAM) + LENGTH (RAM))
                0x00000200                        _Min_Heap_Size = 0x200
                0x00000400                        _Min_Stack_Size = 0x400

.isr_vector     0x08000000      0x10c
                0x08000000                        . = ALIGN (0x4)
 *(.isr_vector)
 .isr_vector    0x08000000      0x10c ./Core/Startup/startup_stm32f103c8tx.o
                0x08000000                g_pfnVectors
                0x0800010c                        . = ALIGN (0x4)

.text           0x0800010c     0x16cc
                0x0800010c                        . = ALIGN (0x4)
 *(.text)
 .text          0x0800010c       0x40 C:/ST/STM32CubeIDE_1.16.0/STM32CubeIDE/plugins/com.st.stm32cube.ide.mcu.externaltools.gnu-tools-for-stm32.13.3.rel1.win32_1.0.0.202411081344/tools/bin/../lib/gcc/arm-none-eabi/13.3.1/thumb/v7-m/nofp/crtbegin.o
 *(.text*)
 .text.BL_CalculateCRC
                0x0800014c       0x1e ./Core/Src/Bootloader.o
                0x0800014c                BL_CalculateCRC
 .text.BL_UpdateFlags
                0x0800016a       0x44 ./Core/Src/Bootloader.o
                0x0800016a                BL_UpdateFlags
 *fill*         0x080001ae        0x2 
 .text.BL_VerifyFirmware
                0x080001b0       0x60 ./Core/Src/Bootloader.o
                0x080001b0                BL_VerifyFirmware
 .text.BL_CheckForUpdateRequest
                0x08000210       0x34 ./Core/Src/Bootloader.o
                0x08000210                BL_CheckForUpdateRequest
 .text.BL_JumpToApplication
                0x08000244       0x4c ./Core/Src/Bootloader.o
                0x08000244                BL_JumpToApplication
 .text.BL_Run   0x08000290       0xbc ./Core/Src/Bootloader.o
                0x08000290                BL_Run
 .text.CRC_Init
                0x0800034c       0x1c ./Core/Src/Crc.o
                0x0800034c                CRC_Init
 .text.CRC_Reset
                0x08000368       0x18 ./Core/Src/Crc.o
                0x08000368                CRC_Reset
 .text.CRC_Calculate
                0x08000380       0x80 ./Core/Src/Crc.o
                0x08000380                CRC_Calculate
 .text.FlashManager_GetPartitionInfo
                0x08000400       0x40 ./Core/Src/FLASH_MANAGER.o
                0x08000400                FlashManager_GetPartitionInfo
 .text.FlashManager_WritePartition
                0x08000440       0xd0 ./Core/Src/FLASH_MANAGER.o
                0x08000440                FlashManager_WritePartition
 .text.FlashManager_ReadPartition
                0x08000510       0x9c ./Core/Src/FLASH_MANAGER.o
                0x08000510                FlashManager_ReadPartition
 .text.FlashManager_ReadPartitionOffset
                0x080005ac       0xac ./Core/Src/FLASH_MANAGER.o
                0x080005ac                FlashManager_ReadPartitionOffset
 .text.FlashManager_ErasePartition
                0x08000658       0x70 ./Core/Src/FLASH_MANAGER.o
                0x08000658                FlashManager_ErasePartition
 .text.FLASH_Unlock
                0x080006c8       0x30 ./Core/Src/FLASH_module.o
                0x080006c8                FLASH_Unlock
 .text.FLASH_Lock
                0x080006f8       0x1c ./Core/Src/FLASH_module.o
                0x080006f8                FLASH_Lock
 .text.FLASH_ReadHalfWord
                0x08000714       0x18 ./Core/Src/FLASH_module.o
                0x08000714                FLASH_ReadHalfWord
 .text.FLASH_ProgramHalfWord
                0x0800072c       0x70 ./Core/Src/FLASH_module.o
                0x0800072c                FLASH_ProgramHalfWord
 .text.FLASH_ErasePage
                0x0800079c       0x78 ./Core/Src/FLASH_module.o
                0x0800079c                FLASH_ErasePage
 .text.NVIC_EnableInterrupt
                0x08000814       0x40 ./Core/Src/NVIC.o
                0x08000814                NVIC_EnableInterrupt
 .text.NVIC_SetPriority
                0x08000854       0x34 ./Core/Src/NVIC.o
                0x08000854                NVIC_SetPriority
 .text.Rollback_ToBackupApp
                0x08000888       0xdc ./Core/Src/Rollback.o
                0x08000888                Rollback_ToBackupApp
 .text.UDS_Init
                0x08000964       0x80 ./Core/Src/UDS.o
                0x08000964                UDS_Init
 .text.UDS_HandleDiagnosticSessionControl
                0x080009e4       0x8c ./Core/Src/UDS.o
 .text.UDS_HandleRequestDownload
                0x08000a70      0x128 ./Core/Src/UDS.o
 .text.UDS_HandleTransferData
                0x08000b98       0xc0 ./Core/Src/UDS.o
 .text.UDS_MainFunction
                0x08000c58      0x174 ./Core/Src/UDS.o
                0x08000c58                UDS_MainFunction
 .text.UDS_RxIndication
                0x08000dcc       0x4c ./Core/Src/UDS.o
                0x08000dcc                UDS_RxIndication
 .text.UDS_SendPositiveResponse
                0x08000e18       0x5c ./Core/Src/UDS.o
                0x08000e18                UDS_SendPositiveResponse
 .text.UDS_SendNegativeResponse
                0x08000e74       0x38 ./Core/Src/UDS.o
                0x08000e74                UDS_SendNegativeResponse
 .text.UDS_HandleTransferExit
                0x08000eac       0x7c ./Core/Src/UDS.o
 .text.CAN_NVIC_Config
                0x08000f28       0x16 ./Core/Src/can.o
 *fill*         0x08000f3e        0x2 
 .text.CAN_Init
                0x08000f40       0xd0 ./Core/Src/can.o
                0x08000f40                CAN_Init
 .text.CAN_Transmit
                0x08001010       0x60 ./Core/Src/can.o
                0x08001010                CAN_Transmit
 .text.CAN_Receive
                0x08001070       0x68 ./Core/Src/can.o
                0x08001070                CAN_Receive
 .text.CAN_ITConfig
                0x080010d8       0x3a ./Core/Src/can.o
                0x080010d8                CAN_ITConfig
 *fill*         0x08001112        0x2 
 .text.CAN_FilterInit
                0x08001114       0xc8 ./Core/Src/can.o
                0x08001114                CAN_FilterInit
 .text.USB_LP_CAN1_RX0_IRQHandler
                0x080011dc       0x30 ./Core/Src/can.o
                0x080011dc                USB_LP_CAN1_RX0_IRQHandler
 .text.CANTP_Init
                0x0800120c       0x28 ./Core/Src/cantp.o
                0x0800120c                CANTP_Init
 .text.CANTP_Transmit
                0x08001234       0xd8 ./Core/Src/cantp.o
                0x08001234                CANTP_Transmit
 .text.CANTP_RxIndication
                0x0800130c      0x1b8 ./Core/Src/cantp.o
                0x0800130c                CANTP_RxIndication
 .text.clock_init
                0x080014c4       0x5c ./Core/Src/clock.o
                0x080014c4                clock_init
 .text.GPIO_Clock_Enable
                0x08001520       0x64 ./Core/Src/gpio.o
                0x08001520                GPIO_Clock_Enable
 .text.GPIO_Pin_Configure
                0x08001584       0xa6 ./Core/Src/gpio.o
                0x08001584                GPIO_Pin_Configure
 .text.GPIO_ReadPin
                0x0800162a       0x28 ./Core/Src/gpio.o
                0x0800162a                GPIO_ReadPin
 .text.main     0x08001652       0x10 ./Core/Src/main.o
                0x08001652                main
 .text.NMI_Handler
                0x08001662        0x8 ./Core/Src/stm32f1xx_it.o
                0x08001662                NMI_Handler
 .text.HardFault_Handler
                0x0800166a        0x8 ./Core/Src/stm32f1xx_it.o
                0x0800166a                HardFault_Handler
 .text.MemManage_Handler
                0x08001672        0x8 ./Core/Src/stm32f1xx_it.o
                0x08001672                MemManage_Handler
 .text.BusFault_Handler
                0x0800167a        0x8 ./Core/Src/stm32f1xx_it.o
                0x0800167a                BusFault_Handler
 .text.UsageFault_Handler
                0x08001682        0x8 ./Core/Src/stm32f1xx_it.o
                0x08001682                UsageFault_Handler
 .text.SVC_Handler
                0x0800168a        0xc ./Core/Src/stm32f1xx_it.o
                0x0800168a                SVC_Handler
 .text.DebugMon_Handler
                0x08001696        0xc ./Core/Src/stm32f1xx_it.o
                0x08001696                DebugMon_Handler
 .text.PendSV_Handler
                0x080016a2        0xc ./Core/Src/stm32f1xx_it.o
                0x080016a2                PendSV_Handler
 .text.SysTick_Handler
                0x080016ae        0xc ./Core/Src/stm32f1xx_it.o
                0x080016ae                SysTick_Handler
 .text.SystemInit
                0x080016ba        0xc ./Core/Src/system_stm32f1xx.o
                0x080016ba                SystemInit
 *fill*         0x080016c6        0x2 
 .text.Reset_Handler
                0x080016c8       0x48 ./Core/Startup/startup_stm32f103c8tx.o
                0x080016c8                Reset_Handler
 .text.Default_Handler
                0x08001710        0x2 ./Core/Startup/startup_stm32f103c8tx.o
                0x08001710                RTC_Alarm_IRQHandler
                0x08001710                EXTI2_IRQHandler
                0x08001710                TIM1_CC_IRQHandler
                0x08001710                PVD_IRQHandler
                0x08001710                EXTI3_IRQHandler
                0x08001710                EXTI0_IRQHandler
                0x08001710                I2C2_EV_IRQHandler
                0x08001710                ADC1_2_IRQHandler
                0x08001710                SPI1_IRQHandler
                0x08001710                TAMPER_IRQHandler
                0x08001710                DMA1_Channel4_IRQHandler
                0x08001710                USART3_IRQHandler
                0x08001710                RTC_IRQHandler
                0x08001710                DMA1_Channel7_IRQHandler
                0x08001710                CAN1_RX1_IRQHandler
                0x08001710                TIM4_IRQHandler
                0x08001710                I2C1_EV_IRQHandler
                0x08001710                DMA1_Channel6_IRQHandler
                0x08001710                TIM3_IRQHandler
                0x08001710                RCC_IRQHandler
                0x08001710                TIM1_TRG_COM_IRQHandler
                0x08001710                DMA1_Channel1_IRQHandler
                0x08001710                Default_Handler
                0x08001710                EXTI15_10_IRQHandler
                0x08001710                EXTI9_5_IRQHandler
                0x08001710                SPI2_IRQHandler
                0x08001710                DMA1_Channel5_IRQHandler
                0x08001710                EXTI4_IRQHandler
                0x08001710                USB_HP_CAN1_TX_IRQHandler
                0x08001710                DMA1_Channel3_IRQHandler
                0x08001710                TIM1_UP_IRQHandler
                0x08001710                WWDG_IRQHandler
                0x08001710                TIM2_IRQHandler
                0x08001710                TIM1_BRK_IRQHandler
                0x08001710                EXTI1_IRQHandler
                0x08001710                USART2_IRQHandler
                0x08001710                I2C2_ER_IRQHandler
                0x08001710                DMA1_Channel2_IRQHandler
                0x08001710                CAN1_SCE_IRQHandler
                0x08001710                FLASH_IRQHandler
                0x08001710                USART1_IRQHandler
                0x08001710                I2C1_ER_IRQHandler
                0x08001710                USBWakeUp_IRQHandler
 *fill*         0x08001712        0x2 
 .text.HAL_IncTick
                0x08001714       0x24 ./Drivers/STM32F1xx_HAL_Driver/Src/stm32f1xx_hal.o
                0x08001714                HAL_IncTick
 .text.HAL_GetTick
                0x08001738       0x14 ./Drivers/STM32F1xx_HAL_Driver/Src/stm32f1xx_hal.o
                0x08001738                HAL_GetTick
 .text.memset   0x0800174c       0x10 C:/ST/STM32CubeIDE_1.16.0/STM32CubeIDE/plugins/com.st.stm32cube.ide.mcu.externaltools.gnu-tools-for-stm32.13.3.rel1.win32_1.0.0.202411081344/tools/bin/../lib/gcc/arm-none-eabi/13.3.1/../../../../arm-none-eabi/lib/thumb/v7-m/nofp\libc_nano.a(libc_a-memset.o)
                0x0800174c                memset
 .text.__libc_init_array
                0x0800175c       0x48 C:/ST/STM32CubeIDE_1.16.0/STM32CubeIDE/plugins/com.st.stm32cube.ide.mcu.externaltools.gnu-tools-for-stm32.13.3.rel1.win32_1.0.0.202411081344/tools/bin/../lib/gcc/arm-none-eabi/13.3.1/../../../../arm-none-eabi/lib/thumb/v7-m/nofp\libc_nano.a(libc_a-init.o)
                0x0800175c                __libc_init_array
 .text.memcpy   0x080017a4       0x1c C:/ST/STM32CubeIDE_1.16.0/STM32CubeIDE/plugins/com.st.stm32cube.ide.mcu.externaltools.gnu-tools-for-stm32.13.3.rel1.win32_1.0.0.202411081344/tools/bin/../lib/gcc/arm-none-eabi/13.3.1/../../../../arm-none-eabi/lib/thumb/v7-m/nofp\libc_nano.a(libc_a-memcpy-stub.o)
                0x080017a4                memcpy
 *(.glue_7)
 .glue_7        0x080017c0        0x0 linker stubs
 *(.glue_7t)
 .glue_7t       0x080017c0        0x0 linker stubs
 *(.eh_frame)
 .eh_frame      0x080017c0        0x0 C:/ST/STM32CubeIDE_1.16.0/STM32CubeIDE/plugins/com.st.stm32cube.ide.mcu.externaltools.gnu-tools-for-stm32.13.3.rel1.win32_1.0.0.202411081344/tools/bin/../lib/gcc/arm-none-eabi/13.3.1/thumb/v7-m/nofp/crtbegin.o
 *(.init)
 .init          0x080017c0        0x4 C:/ST/STM32CubeIDE_1.16.0/STM32CubeIDE/plugins/com.st.stm32cube.ide.mcu.externaltools.gnu-tools-for-stm32.13.3.rel1.win32_1.0.0.202411081344/tools/bin/../lib/gcc/arm-none-eabi/13.3.1/thumb/v7-m/nofp/crti.o
                0x080017c0                _init
 .init          0x080017c4        0x8 C:/ST/STM32CubeIDE_1.16.0/STM32CubeIDE/plugins/com.st.stm32cube.ide.mcu.externaltools.gnu-tools-for-stm32.13.3.rel1.win32_1.0.0.202411081344/tools/bin/../lib/gcc/arm-none-eabi/13.3.1/thumb/v7-m/nofp/crtn.o
 *(.fini)
 .fini          0x080017cc        0x4 C:/ST/STM32CubeIDE_1.16.0/STM32CubeIDE/plugins/com.st.stm32cube.ide.mcu.externaltools.gnu-tools-for-stm32.13.3.rel1.win32_1.0.0.202411081344/tools/bin/../lib/gcc/arm-none-eabi/13.3.1/thumb/v7-m/nofp/crti.o
                0x080017cc                _fini
 .fini          0x080017d0        0x8 C:/ST/STM32CubeIDE_1.16.0/STM32CubeIDE/plugins/com.st.stm32cube.ide.mcu.externaltools.gnu-tools-for-stm32.13.3.rel1.win32_1.0.0.202411081344/tools/bin/../lib/gcc/arm-none-eabi/13.3.1/thumb/v7-m/nofp/crtn.o
                0x080017d8                        . = ALIGN (0x4)
                0x080017d8                        _etext = .

.vfp11_veneer   0x080017d8        0x0
 .vfp11_veneer  0x080017d8        0x0 linker stubs

.v4_bx          0x080017d8        0x0
 .v4_bx         0x080017d8        0x0 linker stubs

.iplt           0x080017d8        0x0
 .iplt          0x080017d8        0x0 C:/ST/STM32CubeIDE_1.16.0/STM32CubeIDE/plugins/com.st.stm32cube.ide.mcu.externaltools.gnu-tools-for-stm32.13.3.rel1.win32_1.0.0.202411081344/tools/bin/../lib/gcc/arm-none-eabi/13.3.1/thumb/v7-m/nofp/crtbegin.o

.rodata         0x080017d8       0x40
                0x080017d8                        . = ALIGN (0x4)
 *(.rodata)
 *(.rodata*)
 .rodata.partitionTable
                0x080017d8       0x40 ./Core/Src/FLASH_MANAGER.o
                0x08001818                        . = ALIGN (0x4)

.ARM.extab      0x08001818        0x0
                0x08001818                        . = ALIGN (0x4)
 *(.ARM.extab* .gnu.linkonce.armextab.*)
                0x08001818                        . = ALIGN (0x4)

.ARM            0x08001818        0x0
                0x08001818                        . = ALIGN (0x4)
                0x08001818                        __exidx_start = .
 *(.ARM.exidx*)
                0x08001818                        __exidx_end = .
                0x08001818                        . = ALIGN (0x4)

.preinit_array  0x08001818        0x0
                0x08001818                        . = ALIGN (0x4)
                0x08001818                        PROVIDE (__preinit_array_start = .)
 *(.preinit_array*)
                0x08001818                        PROVIDE (__preinit_array_end = .)
                0x08001818                        . = ALIGN (0x4)

.init_array     0x08001818        0x4
                0x08001818                        . = ALIGN (0x4)
                0x08001818                        PROVIDE (__init_array_start = .)
 *(SORT_BY_NAME(.init_array.*))
 *(.init_array*)
 .init_array    0x08001818        0x4 C:/ST/STM32CubeIDE_1.16.0/STM32CubeIDE/plugins/com.st.stm32cube.ide.mcu.externaltools.gnu-tools-for-stm32.13.3.rel1.win32_1.0.0.202411081344/tools/bin/../lib/gcc/arm-none-eabi/13.3.1/thumb/v7-m/nofp/crtbegin.o
                0x0800181c                        PROVIDE (__init_array_end = .)
                0x0800181c                        . = ALIGN (0x4)

.fini_array     0x0800181c        0x4
                0x0800181c                        . = ALIGN (0x4)
                [!provide]                        PROVIDE (__fini_array_start = .)
 *(SORT_BY_NAME(.fini_array.*))
 *(.fini_array*)
 .fini_array    0x0800181c        0x4 C:/ST/STM32CubeIDE_1.16.0/STM32CubeIDE/plugins/com.st.stm32cube.ide.mcu.externaltools.gnu-tools-for-stm32.13.3.rel1.win32_1.0.0.202411081344/tools/bin/../lib/gcc/arm-none-eabi/13.3.1/thumb/v7-m/nofp/crtbegin.o
                [!provide]                        PROVIDE (__fini_array_end = .)
                0x08001820                        . = ALIGN (0x4)
                0x08001820                        _sidata = LOADADDR (.data)

.rel.dyn        0x08001820        0x0
 .rel.iplt      0x08001820        0x0 C:/ST/STM32CubeIDE_1.16.0/STM32CubeIDE/plugins/com.st.stm32cube.ide.mcu.externaltools.gnu-tools-for-stm32.13.3.rel1.win32_1.0.0.202411081344/tools/bin/../lib/gcc/arm-none-eabi/13.3.1/thumb/v7-m/nofp/crtbegin.o

.data           0x20000000        0x4 load address 0x08001820
                0x20000000                        . = ALIGN (0x4)
                0x20000000                        _sdata = .
 *(.data)
 *(.data*)
 .data.uwTickFreq
                0x20000000        0x1 ./Drivers/STM32F1xx_HAL_Driver/Src/stm32f1xx_hal.o
                0x20000000                uwTickFreq
 *(.RamFunc)
 *(.RamFunc*)
                0x20000004                        . = ALIGN (0x4)
 *fill*         0x20000001        0x3 
                0x20000004                        _edata = .

.igot.plt       0x20000004        0x0 load address 0x08001824
 .igot.plt      0x20000004        0x0 C:/ST/STM32CubeIDE_1.16.0/STM32CubeIDE/plugins/com.st.stm32cube.ide.mcu.externaltools.gnu-tools-for-stm32.13.3.rel1.win32_1.0.0.202411081344/tools/bin/../lib/gcc/arm-none-eabi/13.3.1/thumb/v7-m/nofp/crtbegin.o
                0x20000004                        . = ALIGN (0x4)

.bss            0x20000004     0x2178 load address 0x08001824
                0x20000004                        _sbss = .
                0x20000004                        __bss_start__ = _sbss
 *(.bss)
 .bss           0x20000004       0x1c C:/ST/STM32CubeIDE_1.16.0/STM32CubeIDE/plugins/com.st.stm32cube.ide.mcu.externaltools.gnu-tools-for-stm32.13.3.rel1.win32_1.0.0.202411081344/tools/bin/../lib/gcc/arm-none-eabi/13.3.1/thumb/v7-m/nofp/crtbegin.o
 *(.bss*)
 .bss.current_flags
                0x20000020        0x8 ./Core/Src/Bootloader.o
 .bss.uds_active_session
                0x20000028        0x1 ./Core/Src/UDS.o
 *fill*         0x20000029        0x3 
 .bss.uds_request_id
                0x2000002c        0x4 ./Core/Src/UDS.o
 .bss.uds_response_id
                0x20000030        0x4 ./Core/Src/UDS.o
 .bss.uds_rx_buffer
                0x20000034      0x100 ./Core/Src/UDS.o
 .bss.uds_rx_length
                0x20000134        0x2 ./Core/Src/UDS.o
 *fill*         0x20000136        0x2 
 .bss.download_address
                0x20000138        0x4 ./Core/Src/UDS.o
 .bss.download_size
                0x2000013c        0x4 ./Core/Src/UDS.o
 .bss.bytes_received
                0x20000140        0x4 ./Core/Src/UDS.o
 .bss.block_counter
                0x20000144        0x1 ./Core/Src/UDS.o
 .bss.uds_new_request
                0x20000145        0x1 ./Core/Src/UDS.o
 .bss.update_done
                0x20000146        0x1 ./Core/Src/UDS.o
                0x20000146                update_done
 *fill*         0x20000147        0x1 
 .bss.receivedCRC
                0x20000148        0x4 ./Core/Src/UDS.o
                0x20000148                receivedCRC
 .bss.update_partition
                0x2000014c        0x1 ./Core/Src/UDS.o
                0x2000014c                update_partition
 *fill*         0x2000014d        0x3 
 .bss.tx_session
                0x20000150     0x1014 ./Core/Src/cantp.o
 .bss.rx_session
                0x20001164     0x1014 ./Core/Src/cantp.o
 .bss.uwTick    0x20002178        0x4 ./Drivers/STM32F1xx_HAL_Driver/Src/stm32f1xx_hal.o
                0x20002178                uwTick
 *(COMMON)
                0x2000217c                        . = ALIGN (0x4)
                0x2000217c                        _ebss = .
                0x2000217c                        __bss_end__ = _ebss

._user_heap_stack
                0x2000217c      0x604 load address 0x08001824
                0x20002180                        . = ALIGN (0x8)
 *fill*         0x2000217c        0x4 
                [!provide]                        PROVIDE (end = .)
                0x20002180                        PROVIDE (_end = .)
                0x20002380                        . = (. + _Min_Heap_Size)
 *fill*         0x20002180      0x200 
                0x20002780                        . = (. + _Min_Stack_Size)
 *fill*         0x20002380      0x400 
                0x20002780                        . = ALIGN (0x8)

/DISCARD/
 libc.a(*)
 libm.a(*)
 libgcc.a(*)

.ARM.attributes
                0x00000000       0x29
 *(.ARM.attributes)
 .ARM.attributes
                0x00000000       0x1d C:/ST/STM32CubeIDE_1.16.0/STM32CubeIDE/plugins/com.st.stm32cube.ide.mcu.externaltools.gnu-tools-for-stm32.13.3.rel1.win32_1.0.0.202411081344/tools/bin/../lib/gcc/arm-none-eabi/13.3.1/thumb/v7-m/nofp/crti.o
 .ARM.attributes
                0x0000001d       0x2d C:/ST/STM32CubeIDE_1.16.0/STM32CubeIDE/plugins/com.st.stm32cube.ide.mcu.externaltools.gnu-tools-for-stm32.13.3.rel1.win32_1.0.0.202411081344/tools/bin/../lib/gcc/arm-none-eabi/13.3.1/thumb/v7-m/nofp/crtbegin.o
 .ARM.attributes
                0x0000004a       0x2d ./Core/Src/Bootloader.o
 .ARM.attributes
                0x00000077       0x2d ./Core/Src/Crc.o
 .ARM.attributes
                0x000000a4       0x2d ./Core/Src/FLASH_MANAGER.o
 .ARM.attributes
                0x000000d1       0x2d ./Core/Src/FLASH_module.o
 .ARM.attributes
                0x000000fe       0x2d ./Core/Src/NVIC.o
 .ARM.attributes
                0x0000012b       0x2d ./Core/Src/Rollback.o
 .ARM.attributes
                0x00000158       0x2d ./Core/Src/UDS.o
 .ARM.attributes
                0x00000185       0x2d ./Core/Src/can.o
 .ARM.attributes
                0x000001b2       0x2d ./Core/Src/cantp.o
 .ARM.attributes
                0x000001df       0x2d ./Core/Src/clock.o
 .ARM.attributes
                0x0000020c       0x2d ./Core/Src/gpio.o
 .ARM.attributes
                0x00000239       0x2d ./Core/Src/main.o
 .ARM.attributes
                0x00000266       0x2d ./Core/Src/stm32f1xx_it.o
 .ARM.attributes
                0x00000293       0x2d ./Core/Src/system_stm32f1xx.o
 .ARM.attributes
                0x000002c0       0x21 ./Core/Startup/startup_stm32f103c8tx.o
 .ARM.attributes
                0x000002e1       0x2d ./Drivers/STM32F1xx_HAL_Driver/Src/stm32f1xx_hal.o
 .ARM.attributes
                0x0000030e       0x2d C:/ST/STM32CubeIDE_1.16.0/STM32CubeIDE/plugins/com.st.stm32cube.ide.mcu.externaltools.gnu-tools-for-stm32.13.3.rel1.win32_1.0.0.202411081344/tools/bin/../lib/gcc/arm-none-eabi/13.3.1/../../../../arm-none-eabi/lib/thumb/v7-m/nofp\libc_nano.a(libc_a-memset.o)
 .ARM.attributes
                0x0000033b       0x2d C:/ST/STM32CubeIDE_1.16.0/STM32CubeIDE/plugins/com.st.stm32cube.ide.mcu.externaltools.gnu-tools-for-stm32.13.3.rel1.win32_1.0.0.202411081344/tools/bin/../lib/gcc/arm-none-eabi/13.3.1/../../../../arm-none-eabi/lib/thumb/v7-m/nofp\libc_nano.a(libc_a-init.o)
 .ARM.attributes
                0x00000368       0x2d C:/ST/STM32CubeIDE_1.16.0/STM32CubeIDE/plugins/com.st.stm32cube.ide.mcu.externaltools.gnu-tools-for-stm32.13.3.rel1.win32_1.0.0.202411081344/tools/bin/../lib/gcc/arm-none-eabi/13.3.1/../../../../arm-none-eabi/lib/thumb/v7-m/nofp\libc_nano.a(libc_a-memcpy-stub.o)
 .ARM.attributes
                0x00000395       0x1d C:/ST/STM32CubeIDE_1.16.0/STM32CubeIDE/plugins/com.st.stm32cube.ide.mcu.externaltools.gnu-tools-for-stm32.13.3.rel1.win32_1.0.0.202411081344/tools/bin/../lib/gcc/arm-none-eabi/13.3.1/thumb/v7-m/nofp/crtn.o
OUTPUT(FPT_PROJECT.elf elf32-littlearm)
LOAD linker stubs
LOAD C:/ST/STM32CubeIDE_1.16.0/STM32CubeIDE/plugins/com.st.stm32cube.ide.mcu.externaltools.gnu-tools-for-stm32.13.3.rel1.win32_1.0.0.202411081344/tools/bin/../lib/gcc/arm-none-eabi/13.3.1/../../../../arm-none-eabi/lib/thumb/v7-m/nofp\libc.a
LOAD C:/ST/STM32CubeIDE_1.16.0/STM32CubeIDE/plugins/com.st.stm32cube.ide.mcu.externaltools.gnu-tools-for-stm32.13.3.rel1.win32_1.0.0.202411081344/tools/bin/../lib/gcc/arm-none-eabi/13.3.1/../../../../arm-none-eabi/lib/thumb/v7-m/nofp\libm.a
LOAD C:/ST/STM32CubeIDE_1.16.0/STM32CubeIDE/plugins/com.st.stm32cube.ide.mcu.externaltools.gnu-tools-for-stm32.13.3.rel1.win32_1.0.0.202411081344/tools/bin/../lib/gcc/arm-none-eabi/13.3.1/thumb/v7-m/nofp\libgcc.a

.debug_info     0x00000000     0x31ec
 .debug_info    0x00000000      0x72e ./Core/Src/Bootloader.o
 .debug_info    0x0000072e      0x28c ./Core/Src/Crc.o
 .debug_info    0x000009ba      0x403 ./Core/Src/FLASH_MANAGER.o
 .debug_info    0x00000dbd      0x1d0 ./Core/Src/FLASH_module.o
 .debug_info    0x00000f8d      0x25d ./Core/Src/NVIC.o
 .debug_info    0x000011ea      0x224 ./Core/Src/Rollback.o
 .debug_info    0x0000140e      0x602 ./Core/Src/UDS.o
 .debug_info    0x00001a10      0x4ac ./Core/Src/can.o
 .debug_info    0x00001ebc      0x411 ./Core/Src/cantp.o
 .debug_info    0x000022cd      0x1b0 ./Core/Src/clock.o
 .debug_info    0x0000247d      0x27b ./Core/Src/gpio.o
 .debug_info    0x000026f8       0xb5 ./Core/Src/main.o
 .debug_info    0x000027ad       0xe9 ./Core/Src/stm32f1xx_it.o
 .debug_info    0x00002896      0x222 ./Core/Src/system_stm32f1xx.o
 .debug_info    0x00002ab8       0x30 ./Core/Startup/startup_stm32f103c8tx.o
 .debug_info    0x00002ae8      0x704 ./Drivers/STM32F1xx_HAL_Driver/Src/stm32f1xx_hal.o

.debug_abbrev   0x00000000     0x13c1
 .debug_abbrev  0x00000000      0x22a ./Core/Src/Bootloader.o
 .debug_abbrev  0x0000022a      0x157 ./Core/Src/Crc.o
 .debug_abbrev  0x00000381      0x15d ./Core/Src/FLASH_MANAGER.o
 .debug_abbrev  0x000004de       0xc2 ./Core/Src/FLASH_module.o
 .debug_abbrev  0x000005a0       0xf4 ./Core/Src/NVIC.o
 .debug_abbrev  0x00000694      0x103 ./Core/Src/Rollback.o
 .debug_abbrev  0x00000797      0x226 ./Core/Src/UDS.o
 .debug_abbrev  0x000009bd      0x1bc ./Core/Src/can.o
 .debug_abbrev  0x00000b79      0x1a1 ./Core/Src/cantp.o
 .debug_abbrev  0x00000d1a      0x112 ./Core/Src/clock.o
 .debug_abbrev  0x00000e2c      0x139 ./Core/Src/gpio.o
 .debug_abbrev  0x00000f65       0x74 ./Core/Src/main.o
 .debug_abbrev  0x00000fd9       0x84 ./Core/Src/stm32f1xx_it.o
 .debug_abbrev  0x0000105d      0x13f ./Core/Src/system_stm32f1xx.o
 .debug_abbrev  0x0000119c       0x24 ./Core/Startup/startup_stm32f103c8tx.o
 .debug_abbrev  0x000011c0      0x201 ./Drivers/STM32F1xx_HAL_Driver/Src/stm32f1xx_hal.o

.debug_aranges  0x00000000      0x4a0
 .debug_aranges
                0x00000000       0x48 ./Core/Src/Bootloader.o
 .debug_aranges
                0x00000048       0x30 ./Core/Src/Crc.o
 .debug_aranges
                0x00000078       0x40 ./Core/Src/FLASH_MANAGER.o
 .debug_aranges
                0x000000b8       0x40 ./Core/Src/FLASH_module.o
 .debug_aranges
                0x000000f8       0x50 ./Core/Src/NVIC.o
 .debug_aranges
                0x00000148       0x20 ./Core/Src/Rollback.o
 .debug_aranges
                0x00000168       0x68 ./Core/Src/UDS.o
 .debug_aranges
                0x000001d0       0x50 ./Core/Src/can.o
 .debug_aranges
                0x00000220       0x40 ./Core/Src/cantp.o
 .debug_aranges
                0x00000260       0x40 ./Core/Src/clock.o
 .debug_aranges
                0x000002a0       0x48 ./Core/Src/gpio.o
 .debug_aranges
                0x000002e8       0x28 ./Core/Src/main.o
 .debug_aranges
                0x00000310       0x60 ./Core/Src/stm32f1xx_it.o
 .debug_aranges
                0x00000370       0x28 ./Core/Src/system_stm32f1xx.o
 .debug_aranges
                0x00000398       0x28 ./Core/Startup/startup_stm32f103c8tx.o
 .debug_aranges
                0x000003c0       0xe0 ./Drivers/STM32F1xx_HAL_Driver/Src/stm32f1xx_hal.o

.debug_rnglists
                0x00000000      0x346
 .debug_rnglists
                0x00000000       0x32 ./Core/Src/Bootloader.o
 .debug_rnglists
                0x00000032       0x20 ./Core/Src/Crc.o
 .debug_rnglists
                0x00000052       0x2e ./Core/Src/FLASH_MANAGER.o
 .debug_rnglists
                0x00000080       0x2b ./Core/Src/FLASH_module.o
 .debug_rnglists
                0x000000ab       0x37 ./Core/Src/NVIC.o
 .debug_rnglists
                0x000000e2       0x14 ./Core/Src/Rollback.o
 .debug_rnglists
                0x000000f6       0x4e ./Core/Src/UDS.o
 .debug_rnglists
                0x00000144       0x39 ./Core/Src/can.o
 .debug_rnglists
                0x0000017d       0x3a ./Core/Src/cantp.o
 .debug_rnglists
                0x000001b7       0x2b ./Core/Src/clock.o
 .debug_rnglists
                0x000001e2       0x32 ./Core/Src/gpio.o
 .debug_rnglists
                0x00000214       0x19 ./Core/Src/main.o
 .debug_rnglists
                0x0000022d       0x43 ./Core/Src/stm32f1xx_it.o
 .debug_rnglists
                0x00000270       0x1a ./Core/Src/system_stm32f1xx.o
 .debug_rnglists
                0x0000028a       0x19 ./Core/Startup/startup_stm32f103c8tx.o
 .debug_rnglists
                0x000002a3       0xa3 ./Drivers/STM32F1xx_HAL_Driver/Src/stm32f1xx_hal.o

.debug_macro    0x00000000    0x16b2d
 .debug_macro   0x00000000      0x116 ./Core/Src/Bootloader.o
 .debug_macro   0x00000116      0xacc ./Core/Src/Bootloader.o
 .debug_macro   0x00000be2       0x22 ./Core/Src/Bootloader.o
 .debug_macro   0x00000c04       0x8e ./Core/Src/Bootloader.o
 .debug_macro   0x00000c92       0x51 ./Core/Src/Bootloader.o
 .debug_macro   0x00000ce3      0x103 ./Core/Src/Bootloader.o
 .debug_macro   0x00000de6       0x6a ./Core/Src/Bootloader.o
 .debug_macro   0x00000e50      0x1df ./Core/Src/Bootloader.o
 .debug_macro   0x0000102f       0x22 ./Core/Src/Bootloader.o
 .debug_macro   0x00001051       0x22 ./Core/Src/Bootloader.o
 .debug_macro   0x00001073       0x16 ./Core/Src/Bootloader.o
 .debug_macro   0x00001089      0x190 ./Core/Src/Bootloader.o
 .debug_macro   0x00001219       0x58 ./Core/Src/Bootloader.o
 .debug_macro   0x00001271       0x16 ./Core/Src/Bootloader.o
 .debug_macro   0x00001287       0x52 ./Core/Src/Bootloader.o
 .debug_macro   0x000012d9       0x2e ./Core/Src/Bootloader.o
 .debug_macro   0x00001307       0x7c ./Core/Src/Bootloader.o
 .debug_macro   0x00001383       0x5e ./Core/Src/Bootloader.o
 .debug_macro   0x000013e1       0x2e ./Core/Src/Bootloader.o
 .debug_macro   0x0000140f       0x8e ./Core/Src/Crc.o
 .debug_macro   0x0000149d       0x10 ./Core/Src/Crc.o
 .debug_macro   0x000014ad      0x16b ./Core/Src/FLASH_MANAGER.o
 .debug_macro   0x00001618       0x61 ./Core/Src/FLASH_MANAGER.o
 .debug_macro   0x00001679       0x24 ./Core/Src/FLASH_MANAGER.o
 .debug_macro   0x0000169d       0x43 ./Core/Src/FLASH_MANAGER.o
 .debug_macro   0x000016e0       0x34 ./Core/Src/FLASH_MANAGER.o
 .debug_macro   0x00001714       0x16 ./Core/Src/FLASH_MANAGER.o
 .debug_macro   0x0000172a       0x9e ./Core/Src/FLASH_MANAGER.o
 .debug_macro   0x000017c8      0x370 ./Core/Src/FLASH_MANAGER.o
 .debug_macro   0x00001b38      0x112 ./Core/Src/FLASH_MANAGER.o
 .debug_macro   0x00001c4a       0x10 ./Core/Src/FLASH_MANAGER.o
 .debug_macro   0x00001c5a       0x16 ./Core/Src/FLASH_MANAGER.o
 .debug_macro   0x00001c70       0x4a ./Core/Src/FLASH_MANAGER.o
 .debug_macro   0x00001cba       0x34 ./Core/Src/FLASH_MANAGER.o
 .debug_macro   0x00001cee       0x10 ./Core/Src/FLASH_MANAGER.o
 .debug_macro   0x00001cfe       0x58 ./Core/Src/FLASH_MANAGER.o
 .debug_macro   0x00001d56       0x8e ./Core/Src/FLASH_MANAGER.o
 .debug_macro   0x00001de4       0x1c ./Core/Src/FLASH_MANAGER.o
 .debug_macro   0x00001e00      0x185 ./Core/Src/FLASH_MANAGER.o
 .debug_macro   0x00001f85       0x16 ./Core/Src/FLASH_MANAGER.o
 .debug_macro   0x00001f9b       0x16 ./Core/Src/FLASH_MANAGER.o
 .debug_macro   0x00001fb1      0x146 ./Core/Src/FLASH_MANAGER.o
 .debug_macro   0x000020f7       0x16 ./Core/Src/FLASH_MANAGER.o
 .debug_macro   0x0000210d       0x10 ./Core/Src/FLASH_MANAGER.o
 .debug_macro   0x0000211d      0x170 ./Core/Src/FLASH_module.o
 .debug_macro   0x0000228d       0x5b ./Core/Src/FLASH_module.o
 .debug_macro   0x000022e8       0x94 ./Core/Src/FLASH_module.o
 .debug_macro   0x0000237c       0x57 ./Core/Src/FLASH_module.o
 .debug_macro   0x000023d3       0x82 ./Core/Src/NVIC.o
 .debug_macro   0x00002455       0x10 ./Core/Src/NVIC.o
 .debug_macro   0x00002465       0x86 ./Core/Src/Rollback.o
 .debug_macro   0x000024eb      0x18f ./Core/Src/UDS.o
 .debug_macro   0x0000267a       0x10 ./Core/Src/UDS.o
 .debug_macro   0x0000268a       0x3c ./Core/Src/UDS.o
 .debug_macro   0x000026c6       0x20 ./Core/Src/UDS.o
 .debug_macro   0x000026e6       0xb5 ./Core/Src/can.o
 .debug_macro   0x0000279b      0x16d ./Core/Src/cantp.o
 .debug_macro   0x00002908       0x7c ./Core/Src/clock.o
 .debug_macro   0x00002984       0x52 ./Core/Src/clock.o
 .debug_macro   0x000029d6       0x96 ./Core/Src/gpio.o
 .debug_macro   0x00002a6c       0x58 ./Core/Src/gpio.o
 .debug_macro   0x00002ac4      0x12a ./Core/Src/main.o
 .debug_macro   0x00002bee       0x2e ./Core/Src/main.o
 .debug_macro   0x00002c1c       0x25 ./Core/Src/stm32f1xx_it.o
 .debug_macro   0x00002c41      0x184 ./Core/Src/system_stm32f1xx.o
 .debug_macro   0x00002dc5       0x2e ./Core/Src/system_stm32f1xx.o
 .debug_macro   0x00002df3       0x22 ./Core/Src/system_stm32f1xx.o
 .debug_macro   0x00002e15       0x1c ./Core/Src/system_stm32f1xx.o
 .debug_macro   0x00002e31       0x22 ./Core/Src/system_stm32f1xx.o
 .debug_macro   0x00002e53       0xbd ./Core/Src/system_stm32f1xx.o
 .debug_macro   0x00002f10      0xd23 ./Core/Src/system_stm32f1xx.o
 .debug_macro   0x00003c33     0xe09e ./Core/Src/system_stm32f1xx.o
 .debug_macro   0x00011cd1       0x6d ./Core/Src/system_stm32f1xx.o
 .debug_macro   0x00011d3e      0x209 ./Core/Src/system_stm32f1xx.o
 .debug_macro   0x00011f47     0x34a2 ./Core/Src/system_stm32f1xx.o
 .debug_macro   0x000153e9       0x5c ./Core/Src/system_stm32f1xx.o
 .debug_macro   0x00015445      0x5bc ./Core/Src/system_stm32f1xx.o
 .debug_macro   0x00015a01      0x289 ./Core/Src/system_stm32f1xx.o
 .debug_macro   0x00015c8a      0x1cb ./Core/Src/system_stm32f1xx.o
 .debug_macro   0x00015e55      0x114 ./Core/Src/system_stm32f1xx.o
 .debug_macro   0x00015f69      0x1b2 ./Core/Src/system_stm32f1xx.o
 .debug_macro   0x0001611b       0x27 ./Core/Src/system_stm32f1xx.o
 .debug_macro   0x00016142      0x136 ./Core/Src/system_stm32f1xx.o
 .debug_macro   0x00016278      0x1bc ./Core/Src/system_stm32f1xx.o
 .debug_macro   0x00016434       0x34 ./Core/Src/system_stm32f1xx.o
 .debug_macro   0x00016468       0x3c ./Core/Src/system_stm32f1xx.o
 .debug_macro   0x000164a4       0x57 ./Core/Src/system_stm32f1xx.o
 .debug_macro   0x000164fb       0x87 ./Core/Src/system_stm32f1xx.o
 .debug_macro   0x00016582      0x240 ./Core/Src/system_stm32f1xx.o
 .debug_macro   0x000167c2      0x140 ./Core/Src/system_stm32f1xx.o
 .debug_macro   0x00016902       0x83 ./Core/Src/system_stm32f1xx.o
 .debug_macro   0x00016985      0x1a8 ./Drivers/STM32F1xx_HAL_Driver/Src/stm32f1xx_hal.o

.debug_line     0x00000000     0x5ab9
 .debug_line    0x00000000      0x636 ./Core/Src/Bootloader.o
 .debug_line    0x00000636      0x4e2 ./Core/Src/Crc.o
 .debug_line    0x00000b18      0x78d ./Core/Src/FLASH_MANAGER.o
 .debug_line    0x000012a5      0x6bb ./Core/Src/FLASH_module.o
 .debug_line    0x00001960      0x532 ./Core/Src/NVIC.o
 .debug_line    0x00001e92      0x4c5 ./Core/Src/Rollback.o
 .debug_line    0x00002357      0x844 ./Core/Src/UDS.o
 .debug_line    0x00002b9b      0x629 ./Core/Src/can.o
 .debug_line    0x000031c4      0x764 ./Core/Src/cantp.o
 .debug_line    0x00003928      0x512 ./Core/Src/clock.o
 .debug_line    0x00003e3a      0x52d ./Core/Src/gpio.o
 .debug_line    0x00004367      0x528 ./Core/Src/main.o
 .debug_line    0x0000488f      0x11d ./Core/Src/stm32f1xx_it.o
 .debug_line    0x000049ac      0x732 ./Core/Src/system_stm32f1xx.o
 .debug_line    0x000050de       0x78 ./Core/Startup/startup_stm32f103c8tx.o
 .debug_line    0x00005156      0x963 ./Drivers/STM32F1xx_HAL_Driver/Src/stm32f1xx_hal.o

.debug_str      0x00000000    0x8045d
 .debug_str     0x00000000    0x8045d ./Core/Src/Bootloader.o
                               0x5037 (size before relaxing)
 .debug_str     0x0008045d     0x4350 ./Core/Src/Crc.o
 .debug_str     0x0008045d     0x7b71 ./Core/Src/FLASH_MANAGER.o
 .debug_str     0x0008045d     0x7a24 ./Core/Src/FLASH_module.o
 .debug_str     0x0008045d     0x3e9e ./Core/Src/NVIC.o
 .debug_str     0x0008045d     0x3f49 ./Core/Src/Rollback.o
 .debug_str     0x0008045d     0x7c74 ./Core/Src/UDS.o
 .debug_str     0x0008045d     0x42a7 ./Core/Src/can.o
 .debug_str     0x0008045d     0x77ce ./Core/Src/cantp.o
 .debug_str     0x0008045d     0x3f6b ./Core/Src/clock.o
 .debug_str     0x0008045d     0x404e ./Core/Src/gpio.o
 .debug_str     0x0008045d     0x4c74 ./Core/Src/main.o
 .debug_str     0x0008045d     0x2ee5 ./Core/Src/stm32f1xx_it.o
 .debug_str     0x0008045d    0x7ae01 ./Core/Src/system_stm32f1xx.o
 .debug_str     0x0008045d       0x73 ./Core/Startup/startup_stm32f103c8tx.o
 .debug_str     0x0008045d    0x7b534 ./Drivers/STM32F1xx_HAL_Driver/Src/stm32f1xx_hal.o

.comment        0x00000000       0x43
 .comment       0x00000000       0x43 ./Core/Src/Bootloader.o
                                 0x44 (size before relaxing)
 .comment       0x00000043       0x44 ./Core/Src/Crc.o
 .comment       0x00000043       0x44 ./Core/Src/FLASH_MANAGER.o
 .comment       0x00000043       0x44 ./Core/Src/FLASH_module.o
 .comment       0x00000043       0x44 ./Core/Src/NVIC.o
 .comment       0x00000043       0x44 ./Core/Src/Rollback.o
 .comment       0x00000043       0x44 ./Core/Src/UDS.o
 .comment       0x00000043       0x44 ./Core/Src/can.o
 .comment       0x00000043       0x44 ./Core/Src/cantp.o
 .comment       0x00000043       0x44 ./Core/Src/clock.o
 .comment       0x00000043       0x44 ./Core/Src/gpio.o
 .comment       0x00000043       0x44 ./Core/Src/main.o
 .comment       0x00000043       0x44 ./Core/Src/stm32f1xx_it.o
 .comment       0x00000043       0x44 ./Core/Src/system_stm32f1xx.o
 .comment       0x00000043       0x44 ./Drivers/STM32F1xx_HAL_Driver/Src/stm32f1xx_hal.o

.debug_frame    0x00000000      0xe94
 .debug_frame   0x00000000       0xd8 ./Core/Src/Bootloader.o
 .debug_frame   0x000000d8       0x70 ./Core/Src/Crc.o
 .debug_frame   0x00000148       0xd8 ./Core/Src/FLASH_MANAGER.o
 .debug_frame   0x00000220       0xc8 ./Core/Src/FLASH_module.o
 .debug_frame   0x000002e8      0x128 ./Core/Src/NVIC.o
 .debug_frame   0x00000410       0x38 ./Core/Src/Rollback.o
 .debug_frame   0x00000448      0x170 ./Core/Src/UDS.o
 .debug_frame   0x000005b8      0x114 ./Core/Src/can.o
 .debug_frame   0x000006cc       0xc0 ./Core/Src/cantp.o
 .debug_frame   0x0000078c       0xc4 ./Core/Src/clock.o
 .debug_frame   0x00000850       0xfc ./Core/Src/gpio.o
 .debug_frame   0x0000094c       0x44 ./Core/Src/main.o
 .debug_frame   0x00000990      0x104 ./Core/Src/stm32f1xx_it.o
 .debug_frame   0x00000a94       0x58 ./Core/Src/system_stm32f1xx.o
 .debug_frame   0x00000aec      0x334 ./Drivers/STM32F1xx_HAL_Driver/Src/stm32f1xx_hal.o
 .debug_frame   0x00000e20       0x20 C:/ST/STM32CubeIDE_1.16.0/STM32CubeIDE/plugins/com.st.stm32cube.ide.mcu.externaltools.gnu-tools-for-stm32.13.3.rel1.win32_1.0.0.202411081344/tools/bin/../lib/gcc/arm-none-eabi/13.3.1/../../../../arm-none-eabi/lib/thumb/v7-m/nofp\libc_nano.a(libc_a-memset.o)
 .debug_frame   0x00000e40       0x2c C:/ST/STM32CubeIDE_1.16.0/STM32CubeIDE/plugins/com.st.stm32cube.ide.mcu.externaltools.gnu-tools-for-stm32.13.3.rel1.win32_1.0.0.202411081344/tools/bin/../lib/gcc/arm-none-eabi/13.3.1/../../../../arm-none-eabi/lib/thumb/v7-m/nofp\libc_nano.a(libc_a-init.o)
 .debug_frame   0x00000e6c       0x28 C:/ST/STM32CubeIDE_1.16.0/STM32CubeIDE/plugins/com.st.stm32cube.ide.mcu.externaltools.gnu-tools-for-stm32.13.3.rel1.win32_1.0.0.202411081344/tools/bin/../lib/gcc/arm-none-eabi/13.3.1/../../../../arm-none-eabi/lib/thumb/v7-m/nofp\libc_nano.a(libc_a-memcpy-stub.o)

.debug_line_str
                0x00000000       0x57
 .debug_line_str
                0x00000000       0x57 ./Core/Startup/startup_stm32f103c8tx.o
