2025-09-10 09:18:22,820 [INFO] Activator:176 - 


2025-09-10 09:18:22,824 [INFO] Activator:177 - !SESSION log4j initialized
2025-09-10 09:18:28,473 [INFO] LogOutputStream:77 - [STDOUT_REDIRECT] 
2025-09-10 09:18:33,982 [INFO] ApplicationProperties:184 - Using Application install path: C:\ST\STM32CubeIDE_1.19.0\STM32CubeIDE\plugins\com.st.stm32cube.common.mx_6.15.0.202507011659
2025-09-10 09:18:34,014 [INFO] DbMcusXml:78 - Set database path to: C:\ST\STM32CubeIDE_1.19.0\STM32CubeIDE\plugins\com.st.stm32cube.common.mx_6.15.0.202507011659\\db\/mcu/
2025-09-10 09:18:34,015 [INFO] ApiDb:274 - Set plugin database path to: C:\ST\STM32CubeIDE_1.19.0\STM32CubeIDE\plugins\com.st.stm32cube.common.mx_6.15.0.202507011659\\db\/plugins/boardmanager/
2025-09-10 09:18:34,015 [WARN] ApiDb:259 - Overriding images path with different value:  => C:\ST\STM32CubeIDE_1.19.0\STM32CubeIDE\plugins\com.st.stm32cube.common.mx_6.15.0.202507011659\\db\/plugins/mcufinder/images/
2025-09-10 09:18:34,033 [INFO] ApiDb:250 - Set database path to: C:\Users\Minh\.stmcufinder\plugins\mcufinder//mcu/
2025-09-10 09:18:34,035 [INFO] DbMcusAds:125 - Set database path to: C:\Users\Minh\.stmcufinder\plugins\mcufinder//mcu/
2025-09-10 09:18:35,020 [INFO] CrossReferenceDbSqlite:203 - Set database path to: C:\Users\Minh\.stmcufinder\plugins\mcufinder//mcu/cs/
2025-09-10 09:18:35,258 [INFO] RulesReader:64 - Compatibility file has been processed (317 Rules)
2025-09-10 09:18:35,432 [INFO] DbMcusXml:78 - Set database path to: C:\ST\STM32CubeIDE_1.19.0\STM32CubeIDE\plugins\com.st.stm32cube.common.mx_6.15.0.202507011659\\db\/mcu/
2025-09-10 09:18:35,433 [INFO] ApiDb:274 - Set plugin database path to: C:\ST\STM32CubeIDE_1.19.0\STM32CubeIDE\plugins\com.st.stm32cube.common.mx_6.15.0.202507011659\\db\/plugins/boardmanager/
2025-09-10 09:18:35,433 [INFO] ApiDb:261 - Set plugin images path to: C:\ST\STM32CubeIDE_1.19.0\STM32CubeIDE\plugins\com.st.stm32cube.common.mx_6.15.0.202507011659\\db\/plugins/mcufinder/images/
2025-09-10 09:18:35,434 [WARN] DbFile:41 - Overriding database path with different value: C:\Users\Minh\.stmcufinder\plugins\mcufinder/ => C:\Users\Minh\.stmcufinder\plugins\mcufinder
2025-09-10 09:18:35,434 [INFO] ApiDb:250 - Set database path to: C:\Users\Minh\.stmcufinder\plugins\mcufinder//mcu/
2025-09-10 09:18:35,434 [WARN] DbFile:41 - Overriding database path with different value: C:\Users\Minh\.stmcufinder\plugins\mcufinder/ => C:\Users\Minh\.stmcufinder\plugins\mcufinder
2025-09-10 09:18:35,435 [INFO] DbMcusAds:125 - Set database path to: C:\Users\Minh\.stmcufinder\plugins\mcufinder//mcu/
2025-09-10 09:18:35,435 [WARN] DbFile:41 - Overriding database path with different value: C:\Users\Minh\.stmcufinder\plugins\mcufinder/ => C:\Users\Minh\.stmcufinder\plugins\mcufinder
2025-09-10 09:18:35,435 [WARN] DbFile:41 - Overriding database path with different value: C:\Users\Minh\.stmcufinder\plugins\mcufinder/ => C:\Users\Minh\.stmcufinder\plugins\mcufinder
2025-09-10 09:18:36,020 [INFO] CrossReferenceDbSqlite:203 - Set database path to: C:\Users\Minh\.stmcufinder\plugins\mcufinder//mcu/cs/
2025-09-10 09:18:36,196 [INFO] MainPanel:274 - HeapMemory: 268435456
2025-09-10 09:18:36,429 [INFO] DbMcusXml:78 - Set database path to: C:\ST\STM32CubeIDE_1.19.0\STM32CubeIDE\plugins\com.st.stm32cube.common.mx_6.15.0.202507011659\\db\/mcu/
2025-09-10 09:18:36,429 [INFO] ApiDb:274 - Set plugin database path to: C:\ST\STM32CubeIDE_1.19.0\STM32CubeIDE\plugins\com.st.stm32cube.common.mx_6.15.0.202507011659\\db\/plugins/boardmanager/
2025-09-10 09:18:36,430 [INFO] ApiDb:261 - Set plugin images path to: C:\ST\STM32CubeIDE_1.19.0\STM32CubeIDE\plugins\com.st.stm32cube.common.mx_6.15.0.202507011659\\db\/plugins/mcufinder/images/
2025-09-10 09:18:36,430 [WARN] DbFile:41 - Overriding database path with different value: C:\Users\Minh\.stmcufinder\plugins\mcufinder/ => C:\Users\Minh\.stmcufinder\plugins\mcufinder
2025-09-10 09:18:36,431 [INFO] ApiDb:250 - Set database path to: C:\Users\Minh\.stmcufinder\plugins\mcufinder//mcu/
2025-09-10 09:18:36,431 [WARN] DbFile:41 - Overriding database path with different value: C:\Users\Minh\.stmcufinder\plugins\mcufinder/ => C:\Users\Minh\.stmcufinder\plugins\mcufinder
2025-09-10 09:18:36,431 [INFO] DbMcusAds:125 - Set database path to: C:\Users\Minh\.stmcufinder\plugins\mcufinder//mcu/
2025-09-10 09:18:36,431 [WARN] DbFile:41 - Overriding database path with different value: C:\Users\Minh\.stmcufinder\plugins\mcufinder/ => C:\Users\Minh\.stmcufinder\plugins\mcufinder
2025-09-10 09:18:36,432 [WARN] DbFile:41 - Overriding database path with different value: C:\Users\Minh\.stmcufinder\plugins\mcufinder/ => C:\Users\Minh\.stmcufinder\plugins\mcufinder
2025-09-10 09:18:37,023 [INFO] CrossReferenceDbSqlite:203 - Set database path to: C:\Users\Minh\.stmcufinder\plugins\mcufinder//mcu/cs/
2025-09-10 09:18:37,060 [INFO] ApplicationProperties:184 - Using Application install path: C:\ST\STM32CubeIDE_1.19.0\STM32CubeIDE\plugins\com.st.stm32cube.common.mx_6.15.0.202507011659
2025-09-10 09:18:37,062 [INFO] PluginManage:196 - Search for loadable plugins [exclusion list=, ]
2025-09-10 09:18:37,065 [INFO] PluginManage:310 - Check plugin analytics
2025-09-10 09:18:38,163 [INFO] AnalyticsPlugin:253 - Accepted Software Licenses: 
2025-09-10 09:18:38,163 [INFO] AnalyticsPlugin:255 - Accepted CMSIS Pack Licenses: 
2025-09-10 09:18:38,163 [INFO] AnalyticsPlugin:257 - Accepted Firmware Licenses: 
2025-09-10 09:18:38,172 [INFO] PluginManage:359 - Loaded plugin analytics (category:tool,tabindex:-1)
2025-09-10 09:18:38,173 [INFO] PluginManage:310 - Check plugin cadmodel
2025-09-10 09:18:38,206 [INFO] CADModel:105 - Init CAD model plugin
2025-09-10 09:18:38,206 [INFO] PluginManage:359 - Loaded plugin cadmodel (category:power,tabindex:5)
2025-09-10 09:18:38,207 [INFO] PluginManage:310 - Check plugin clock
2025-09-10 09:18:38,244 [INFO] PluginManage:359 - Loaded plugin clock (category:base,tabindex:2)
2025-09-10 09:18:38,244 [INFO] PluginManage:310 - Check plugin ddr
2025-09-10 09:18:38,249 [INFO] PluginManage:359 - Loaded plugin ddr (category:tool,tabindex:6)
2025-09-10 09:18:38,249 [INFO] PluginManage:310 - Check plugin filemanager
2025-09-10 09:18:38,677 [INFO] PluginManage:359 - Loaded plugin filemanager (category:base,tabindex:10)
2025-09-10 09:18:38,678 [INFO] PluginManage:310 - Check plugin ipmanager
2025-09-10 09:18:38,718 [INFO] PluginManage:359 - Loaded plugin ipmanager (category:base,tabindex:5)
2025-09-10 09:18:38,719 [INFO] PluginManage:310 - Check plugin lpbam
2025-09-10 09:18:38,754 [INFO] PluginManage:359 - Loaded plugin lpbam (category:base,tabindex:0)
2025-09-10 09:18:38,754 [INFO] PluginManage:310 - Check plugin memorymap
2025-09-10 09:18:38,795 [INFO] PluginManage:359 - Loaded plugin memorymap (category:base,tabindex:4)
2025-09-10 09:18:38,795 [INFO] PluginManage:310 - Check plugin pinoutandconfiguration
2025-09-10 09:18:38,831 [INFO] PluginManage:359 - Loaded plugin pinoutandconfiguration (category:base,tabindex:1)
2025-09-10 09:18:38,831 [INFO] PluginManage:310 - Check plugin pinoutconfig
2025-09-10 09:18:39,021 [WARN] SupportedApi:132 - Cannot load RTOS API schema: s4s-elt-must-match.1: The content of 'definitions' must match (annotation?, (simpleType | complexType)?, (unique | key | keyref)*)). A problem was found starting at: attribute.
2025-09-10 09:18:39,247 [INFO] PluginManage:359 - Loaded plugin pinoutconfig (category:base,tabindex:0)
2025-09-10 09:18:39,247 [INFO] PluginManage:310 - Check plugin power
2025-09-10 09:18:39,287 [INFO] PluginManage:359 - Loaded plugin power (category:power,tabindex:4)
2025-09-10 09:18:39,288 [INFO] PluginManage:310 - Check plugin projectmanager
2025-09-10 09:18:39,324 [INFO] PluginManage:359 - Loaded plugin projectmanager (category:projectmanager,tabindex:4)
2025-09-10 09:18:39,324 [INFO] PluginManage:310 - Check plugin rif
2025-09-10 09:18:39,360 [INFO] PluginManage:359 - Loaded plugin rif (category:base,tabindex:3)
2025-09-10 09:18:39,360 [INFO] PluginManage:310 - Check plugin thirdparty
2025-09-10 09:18:39,771 [INFO] PluginManage:359 - Loaded plugin thirdparty (category:base,tabindex:-1)
2025-09-10 09:18:39,772 [INFO] PluginManage:310 - Check plugin tools
2025-09-10 09:18:39,771 [WARN] IntegrityCheckThread:84 - waiting for thirdparty lock release [integrity check]
2025-09-10 09:18:39,776 [INFO] IntegrityCheckThread:86 - entering critical section [integrity check]
2025-09-10 09:18:39,778 [INFO] ThirdPartyUpdaterWithRetryManager:70 - Updater plugin not ready yet. [1/15]
2025-09-10 09:18:39,844 [INFO] PluginManage:359 - Loaded plugin tools (category:base,tabindex:7)
2025-09-10 09:18:39,845 [INFO] PluginManage:310 - Check plugin tutovideos
2025-09-10 09:18:40,184 [INFO] PluginManage:359 - Loaded plugin tutovideos (category:base,tabindex:-1)
2025-09-10 09:18:40,185 [INFO] PluginManage:310 - Check plugin updater
2025-09-10 09:18:40,232 [INFO] PluginManage:359 - Loaded plugin updater (category:base,tabindex:12)
2025-09-10 09:18:40,233 [INFO] PluginManage:310 - Check plugin userauth
2025-09-10 09:18:40,242 [INFO] UserAuth:118 - Init User Auth plugin
2025-09-10 09:18:40,244 [INFO] PluginManage:359 - Loaded plugin userauth (category:base,tabindex:14)
2025-09-10 09:18:40,245 [INFO] PluginManage:283 - PluginManage : Loaded plugins [18]
2025-09-10 09:18:40,761 [INFO] PinOutPanel:1589 - setPackage(No Configuration,No Configuration)
2025-09-10 09:18:40,977 [INFO] CADModel:165 - CPN selected for project level
2025-09-10 09:18:40,978 [INFO] CADModel:114 - Register for checkConnection events
2025-09-10 09:18:41,040 [INFO] IPUIPlugin:80 - create IPUIPlugin
2025-09-10 09:18:41,041 [INFO] PluginManager:220 - loadIPPluginJar : add adc
2025-09-10 09:18:41,145 [INFO] IPUIPlugin:80 - create IPUIPlugin
2025-09-10 09:18:41,145 [INFO] PluginManager:220 - loadIPPluginJar : add aes
2025-09-10 09:18:41,249 [INFO] IPUIPlugin:80 - create IPUIPlugin
2025-09-10 09:18:41,249 [INFO] PluginManager:220 - loadIPPluginJar : add can
2025-09-10 09:18:41,318 [INFO] IPUIPlugin:80 - create IPUIPlugin
2025-09-10 09:18:41,318 [INFO] PluginManager:220 - loadIPPluginJar : add comp
2025-09-10 09:18:41,400 [INFO] IPUIPlugin:80 - create IPUIPlugin
2025-09-10 09:18:41,400 [INFO] PluginManager:220 - loadIPPluginJar : add cryp
2025-09-10 09:18:41,429 [INFO] IPUIPlugin:80 - create IPUIPlugin
2025-09-10 09:18:41,430 [INFO] PluginManager:220 - loadIPPluginJar : add ddr_ctrl_phy
2025-09-10 09:18:41,436 [INFO] IPUIPlugin:80 - create IPUIPlugin
2025-09-10 09:18:41,436 [INFO] PluginManager:220 - loadIPPluginJar : add dfsdm
2025-09-10 09:18:41,467 [INFO] IPUIPlugin:80 - create IPUIPlugin
2025-09-10 09:18:41,468 [INFO] PluginManager:220 - loadIPPluginJar : add dma
2025-09-10 09:18:41,553 [INFO] IPUIPlugin:80 - create IPUIPlugin
2025-09-10 09:18:41,553 [INFO] PluginManager:220 - loadIPPluginJar : add dma3
2025-09-10 09:18:41,647 [INFO] IPUIPlugin:80 - create IPUIPlugin
2025-09-10 09:18:41,647 [INFO] PluginManager:220 - loadIPPluginJar : add extmemmanager
2025-09-10 09:18:41,651 [INFO] IPUIPlugin:80 - create IPUIPlugin
2025-09-10 09:18:41,652 [INFO] PluginManager:220 - loadIPPluginJar : add fatfs
2025-09-10 09:18:41,734 [INFO] IPUIPlugin:80 - create IPUIPlugin
2025-09-10 09:18:41,734 [INFO] PluginManager:220 - loadIPPluginJar : add fmc
2025-09-10 09:18:41,762 [INFO] IPUIPlugin:80 - create IPUIPlugin
2025-09-10 09:18:41,762 [INFO] PluginManager:220 - loadIPPluginJar : add freertos
2025-09-10 09:18:41,766 [INFO] IPUIPlugin:80 - create IPUIPlugin
2025-09-10 09:18:41,767 [INFO] PluginManager:220 - loadIPPluginJar : add genericplugin
2025-09-10 09:18:41,970 [INFO] IPUIPlugin:80 - create IPUIPlugin
2025-09-10 09:18:41,970 [INFO] PluginManager:220 - loadIPPluginJar : add gfxmmu
2025-09-10 09:18:42,217 [INFO] IPUIPlugin:80 - create IPUIPlugin
2025-09-10 09:18:42,218 [INFO] PluginManager:220 - loadIPPluginJar : add gic
2025-09-10 09:18:42,245 [INFO] IPUIPlugin:80 - create IPUIPlugin
2025-09-10 09:18:42,246 [INFO] PluginManager:220 - loadIPPluginJar : add gpio
2025-09-10 09:18:42,413 [INFO] IPUIPlugin:80 - create IPUIPlugin
2025-09-10 09:18:42,414 [INFO] PluginManager:220 - loadIPPluginJar : add gtzc
2025-09-10 09:18:42,422 [INFO] IPUIPlugin:80 - create IPUIPlugin
2025-09-10 09:18:42,422 [INFO] PluginManager:220 - loadIPPluginJar : add hash
2025-09-10 09:18:42,525 [INFO] IPUIPlugin:80 - create IPUIPlugin
2025-09-10 09:18:42,525 [INFO] PluginManager:220 - loadIPPluginJar : add i2c
2025-09-10 09:18:42,599 [INFO] IPUIPlugin:80 - create IPUIPlugin
2025-09-10 09:18:42,599 [INFO] PluginManager:220 - loadIPPluginJar : add i2s
2025-09-10 09:18:42,671 [INFO] IPUIPlugin:80 - create IPUIPlugin
2025-09-10 09:18:42,672 [INFO] PluginManager:220 - loadIPPluginJar : add i3c
2025-09-10 09:18:42,779 [INFO] ThirdPartyUpdaterWithRetryManager:70 - Updater plugin not ready yet. [2/15]
2025-09-10 09:18:42,853 [INFO] IPUIPlugin:80 - create IPUIPlugin
2025-09-10 09:18:42,854 [INFO] PluginManager:220 - loadIPPluginJar : add ipddr
2025-09-10 09:18:43,020 [INFO] IPUIPlugin:80 - create IPUIPlugin
2025-09-10 09:18:43,020 [INFO] PluginManager:220 - loadIPPluginJar : add linkedlist
2025-09-10 09:18:43,085 [INFO] IPUIPlugin:80 - create IPUIPlugin
2025-09-10 09:18:43,086 [INFO] PluginManager:220 - loadIPPluginJar : add lorawan
2025-09-10 09:18:43,149 [INFO] IPUIPlugin:80 - create IPUIPlugin
2025-09-10 09:18:43,150 [INFO] PluginManager:220 - loadIPPluginJar : add ltdc
2025-09-10 09:18:43,174 [INFO] IPUIPlugin:80 - create IPUIPlugin
2025-09-10 09:18:43,174 [INFO] PluginManager:220 - loadIPPluginJar : add mdma
2025-09-10 09:18:43,195 [INFO] IPUIPlugin:80 - create IPUIPlugin
2025-09-10 09:18:43,195 [INFO] PluginManager:220 - loadIPPluginJar : add nvic
2025-09-10 09:18:43,262 [INFO] IPUIPlugin:80 - create IPUIPlugin
2025-09-10 09:18:43,262 [INFO] PluginManager:220 - loadIPPluginJar : add opamp
2025-09-10 09:18:43,401 [INFO] IPUIPlugin:80 - create IPUIPlugin
2025-09-10 09:18:43,401 [INFO] PluginManager:220 - loadIPPluginJar : add openamp
2025-09-10 09:18:43,479 [INFO] IPUIPlugin:80 - create IPUIPlugin
2025-09-10 09:18:43,480 [INFO] PluginManager:220 - loadIPPluginJar : add pdm2pcm
2025-09-10 09:18:43,504 [INFO] IPUIPlugin:80 - create IPUIPlugin
2025-09-10 09:18:43,507 [INFO] PluginManager:220 - loadIPPluginJar : add plateformsettings
2025-09-10 09:18:43,511 [INFO] IPUIPlugin:80 - create IPUIPlugin
2025-09-10 09:18:43,511 [INFO] PluginManager:220 - loadIPPluginJar : add quadspi
2025-09-10 09:18:43,515 [INFO] IPUIPlugin:80 - create IPUIPlugin
2025-09-10 09:18:43,516 [INFO] PluginManager:220 - loadIPPluginJar : add radio
2025-09-10 09:18:43,538 [INFO] IPUIPlugin:80 - create IPUIPlugin
2025-09-10 09:18:43,539 [INFO] PluginManager:220 - loadIPPluginJar : add resmgrutility
2025-09-10 09:18:43,627 [INFO] IPUIPlugin:80 - create IPUIPlugin
2025-09-10 09:18:43,627 [INFO] PluginManager:220 - loadIPPluginJar : add sai
2025-09-10 09:18:43,693 [INFO] IPUIPlugin:80 - create IPUIPlugin
2025-09-10 09:18:43,693 [INFO] PluginManager:220 - loadIPPluginJar : add spi
2025-09-10 09:18:43,824 [INFO] IPUIPlugin:80 - create IPUIPlugin
2025-09-10 09:18:43,824 [INFO] PluginManager:220 - loadIPPluginJar : add stm32_wpan
2025-09-10 09:18:43,828 [INFO] IPUIPlugin:80 - create IPUIPlugin
2025-09-10 09:18:43,828 [INFO] PluginManager:220 - loadIPPluginJar : add tim
2025-09-10 09:18:43,936 [INFO] IPUIPlugin:80 - create IPUIPlugin
2025-09-10 09:18:43,936 [INFO] PluginManager:220 - loadIPPluginJar : add touchsensing
2025-09-10 09:18:43,941 [INFO] IPUIPlugin:80 - create IPUIPlugin
2025-09-10 09:18:43,941 [INFO] PluginManager:220 - loadIPPluginJar : add tracer_emb
2025-09-10 09:18:43,945 [INFO] IPUIPlugin:80 - create IPUIPlugin
2025-09-10 09:18:43,945 [INFO] PluginManager:220 - loadIPPluginJar : add ts
2025-09-10 09:18:43,986 [INFO] IPUIPlugin:80 - create IPUIPlugin
2025-09-10 09:18:43,986 [INFO] PluginManager:220 - loadIPPluginJar : add tsc
2025-09-10 09:18:43,991 [INFO] IPUIPlugin:80 - create IPUIPlugin
2025-09-10 09:18:43,991 [INFO] PluginManager:220 - loadIPPluginJar : add ucpd
2025-09-10 09:18:44,068 [INFO] IPUIPlugin:80 - create IPUIPlugin
2025-09-10 09:18:44,068 [INFO] PluginManager:220 - loadIPPluginJar : add usart
2025-09-10 09:18:44,146 [INFO] IPUIPlugin:80 - create IPUIPlugin
2025-09-10 09:18:44,146 [INFO] PluginManager:220 - loadIPPluginJar : add usbx
2025-09-10 09:18:44,316 [FATAL] Updater:351 - Updater called before beeing initialized
2025-09-10 09:18:44,370 [INFO] RulesReader:64 - Compatibility file has been processed (317 Rules)
2025-09-10 09:18:44,391 [INFO] RulesReader:64 - Compatibility file has been processed (317 Rules)
2025-09-10 09:18:44,403 [INFO] CADModel:165 - CPN selected for project level
2025-09-10 09:18:44,403 [INFO] CADModel:114 - Register for checkConnection events
2025-09-10 09:18:44,404 [FATAL] Updater:351 - Updater called before beeing initialized
2025-09-10 09:18:44,404 [ERROR] CADModel:125 - Updater not yet initialized, retry later 
2025-09-10 09:18:44,641 [FATAL] Updater:351 - Updater called before beeing initialized
2025-09-10 09:18:44,643 [INFO] CADModel:165 - CPN selected for project level
2025-09-10 09:18:44,644 [INFO] CADModel:114 - Register for checkConnection events
2025-09-10 09:18:44,644 [FATAL] Updater:351 - Updater called before beeing initialized
2025-09-10 09:18:44,644 [ERROR] CADModel:125 - Updater not yet initialized, retry later 
2025-09-10 09:18:44,648 [FATAL] Updater:351 - Updater called before beeing initialized
2025-09-10 09:18:44,878 [FATAL] Updater:351 - Updater called before beeing initialized
2025-09-10 09:18:44,898 [INFO] DbMcusAds:53 - JSON generation date=Tue Jul 08 15:14:23 ICT 2025 (1751962463582)
2025-09-10 09:18:44,898 [FATAL] Updater:351 - Updater called before beeing initialized
2025-09-10 09:18:44,967 [WARN] DetailPanel:346 - Failed to get advertising image, set to default
2025-09-10 09:18:45,108 [FATAL] Updater:351 - Updater called before beeing initialized
2025-09-10 09:18:45,112 [FATAL] Updater:351 - Updater called before beeing initialized
2025-09-10 09:18:45,113 [FATAL] Updater:351 - Updater called before beeing initialized
2025-09-10 09:18:45,113 [WARN] DetailPanel:346 - Failed to get advertising image, set to default
2025-09-10 09:18:45,117 [FATAL] Updater:351 - Updater called before beeing initialized
2025-09-10 09:18:45,237 [ERROR] Updater:1198 - MainUpdater not yet initialized. External WinMGr cannot be set.
2025-09-10 09:18:45,259 [INFO] Updater:1134 - Updater Version found : 6.15.0
2025-09-10 09:18:45,292 [INFO] ApplicationProperties:184 - Using Application install path: C:\ST\STM32CubeIDE_1.19.0\STM32CubeIDE\plugins\com.st.stm32cube.common.mx_6.15.0.202507011659
2025-09-10 09:18:45,780 [INFO] ThirdPartyUpdaterWithRetryManager:70 - Updater plugin not ready yet. [3/15]
2025-09-10 09:18:46,925 [ERROR] LogOutputStream:75 - [STDERR_REDIRECT] Sep 10, 2025 9:18:46 AM java.util.prefs.WindowsPreferences <init>
2025-09-10 09:18:46,928 [ERROR] LogOutputStream:75 - [STDERR_REDIRECT] WARNING: Could not open/create prefs root node Software\JavaSoft\Prefs at root 0xffffffff80000002. Windows RegCreateKeyEx(...) returned error code 5.
2025-09-10 09:18:46,928 [ERROR] LogOutputStream:75 - [STDERR_REDIRECT] 
2025-09-10 09:18:47,403 [INFO] MainUpdater:2872 - connection check result : 10
2025-09-10 09:18:47,404 [INFO] MainUpdater:289 - Updater Check For Update Now.
2025-09-10 09:18:47,405 [INFO] MicroXplorer:498 - Change Database Version : DB.6.0.150
2025-09-10 09:18:47,417 [INFO] McuFinderGlobals:63 - Set McuFinder mode to 2 (CubeIDE integrated)
2025-09-10 09:18:47,427 [INFO] UserAuth:487 - Internet connection configuration mode: 1
2025-09-10 09:18:47,471 [INFO] JxBrowserEngine:152 - Initiate JxBrowser Engine with user profile folder
2025-09-10 09:18:47,794 [INFO] CheckServerUpdateThread:120 - End of CheckServer Thread
2025-09-10 09:18:50,914 [WARN] PackLoader:240 - Cannot read IP mode file for STMicroelectronics.FP-SNS-MOTENVWB1.1.4.0
2025-09-10 09:18:50,935 [WARN] PackLoader:240 - Cannot read IP mode file for STMicroelectronics.FP-ATR-ASTRA1.2.0.2
2025-09-10 09:18:50,980 [WARN] PackLoader:240 - Cannot read IP mode file for STMicroelectronics.X-CUBE-SMBUS.2.1.0
2025-09-10 09:18:51,017 [WARN] PackLoader:240 - Cannot read IP mode file for STMicroelectronics.X-CUBE-ST60.1.0.0
2025-09-10 09:18:51,201 [WARN] PackLoader:240 - Cannot read IP mode file for STMicroelectronics.X-CUBE-AZRTOS-F7.1.1.0
2025-09-10 09:18:51,333 [WARN] PackLoader:240 - Cannot read IP mode file for Infineon.AIROC-Wi-Fi-Bluetooth-STM32.1.7.1
2025-09-10 09:18:51,475 [WARN] PackLoader:240 - Cannot read IP mode file for STMicroelectronics.X-CUBE-AZRTOS-H7.3.4.0
2025-09-10 09:18:51,569 [WARN] PackLoader:240 - Cannot read IP mode file for STMicroelectronics.X-CUBE-DISPLAY.3.0.0
2025-09-10 09:18:51,620 [WARN] PackLoader:240 - Cannot read IP mode file for STMicroelectronics.X-CUBE-NFC10.1.0.0
2025-09-10 09:18:51,663 [WARN] PackLoader:240 - Cannot read IP mode file for emotas.I-CUBE-CANOPEN.1.3.0
2025-09-10 09:18:51,706 [WARN] PackLoader:240 - Cannot read IP mode file for STMicroelectronics.FP-SNS-STBOX1.2.1.0
2025-09-10 09:18:51,793 [WARN] PackLoader:240 - Cannot read IP mode file for STMicroelectronics.FP-SNS-SMARTAG2.1.2.0
2025-09-10 09:18:51,824 [WARN] PackLoader:240 - Cannot read IP mode file for STMicroelectronics.FP-SNS-FLIGHT1.5.1.0
2025-09-10 09:18:51,866 [INFO] WebApp:169 - Instantiating new browser for Auth
2025-09-10 09:18:51,926 [INFO] LogOutputStream:77 - [STDOUT_REDIRECT] 1 : Invalid condition id : UX_CORESTACK_Condition cause : null
2025-09-10 09:18:51,927 [INFO] LogOutputStream:77 - [STDOUT_REDIRECT] 1 : Invalid condition id : UX_CORESTACK_Condition cause : null
2025-09-10 09:18:51,930 [INFO] LogOutputStream:77 - [STDOUT_REDIRECT] 1 : Invalid condition id : UX_CORESTACK_Condition cause : null
2025-09-10 09:18:51,933 [INFO] LogOutputStream:77 - [STDOUT_REDIRECT] 1 : Invalid condition id : UX_CORESTACK_Condition cause : null
2025-09-10 09:18:51,936 [INFO] LogOutputStream:77 - [STDOUT_REDIRECT] 1 : Invalid condition id : UX_CORESTACK_Condition cause : null
2025-09-10 09:18:51,942 [WARN] PackLoader:240 - Cannot read IP mode file for STMicroelectronics.X-CUBE-AZRTOS-WL.2.0.0
2025-09-10 09:18:51,977 [WARN] PackLoader:240 - Cannot read IP mode file for STMicroelectronics.FP-SNS-MOTENV1.5.0.0
2025-09-10 09:18:52,018 [WARN] PackLoader:240 - Cannot read IP mode file for WES.I-CUBE-Cesium.1.3.0
2025-09-10 09:18:52,051 [WARN] PackLoader:240 - Cannot read IP mode file for STMicroelectronics.X-CUBE-BLE2.3.3.0
2025-09-10 09:18:52,088 [WARN] PackLoader:240 - Cannot read IP mode file for STMicroelectronics.X-CUBE-NFC9.1.0.0
2025-09-10 09:18:52,122 [WARN] PackLoader:240 - Cannot read IP mode file for wolfSSL.I-CUBE-wolfSSL.5.8.2
2025-09-10 09:18:52,169 [WARN] PackLoader:240 - Cannot read IP mode file for STMicroelectronics.X-CUBE-BLE1.7.1.0
2025-09-10 09:18:52,185 [WARN] PackLoader:240 - Cannot read IP mode file for wolfSSL.I-CUBE-wolfMQTT.1.19.2
2025-09-10 09:18:52,224 [WARN] PackLoader:240 - Cannot read IP mode file for STMicroelectronics.X-CUBE-EEPRMA1.5.2.0
2025-09-10 09:18:52,328 [WARN] PackLoader:240 - Cannot read IP mode file for STMicroelectronics.X-CUBE-AZRTOS-G0.1.1.0
2025-09-10 09:18:52,365 [WARN] PackLoader:240 - Cannot read IP mode file for STMicroelectronics.X-CUBE-SAFEA1.1.2.2
2025-09-10 09:18:52,400 [WARN] PackLoader:240 - Cannot read IP mode file for STMicroelectronics.X-CUBE-NFC4.3.0.0
2025-09-10 09:18:52,478 [WARN] PackLoader:240 - Cannot read IP mode file for EmbeddedOffice.I-CUBE-FS-RTOS.1.0.1
2025-09-10 09:18:52,557 [WARN] PackLoader:240 - Cannot read IP mode file for STMicroelectronics.X-CUBE-WB05N.2.0.0
2025-09-10 09:18:52,574 [WARN] PackLoader:240 - Cannot read IP mode file for wolfSSL.I-CUBE-wolfTPM.3.8.0
2025-09-10 09:18:52,607 [WARN] PackLoader:240 - Cannot read IP mode file for STMicroelectronics.X-CUBE-TCPP.4.2.0
2025-09-10 09:18:52,642 [WARN] PackLoader:240 - Cannot read IP mode file for RealThread.X-CUBE-RT-Thread_Nano.4.1.1
2025-09-10 09:18:52,651 [WARN] PackLoader:240 - Cannot read IP mode file for STMicroelectronics.FP-ATR-SIGFOX1.3.2.0
2025-09-10 09:18:52,689 [WARN] PackLoader:240 - Cannot read IP mode file for ITTIA_DB.I-CUBE-ITTIADB.8.9.0
2025-09-10 09:18:52,726 [WARN] PackLoader:240 - Cannot read IP mode file for STMicroelectronics.X-CUBE-ST67W61.1.0.0
2025-09-10 09:18:52,759 [WARN] PackLoader:240 - Cannot read IP mode file for STMicroelectronics.X-CUBE-AI.10.2.0
2025-09-10 09:18:52,902 [WARN] PackLoader:240 - Cannot read IP mode file for SEGGER.I-CUBE-embOS.1.3.1
2025-09-10 09:18:53,148 [WARN] PackLoader:240 - Cannot read IP mode file for STMicroelectronics.X-CUBE-ALGOBUILD.1.4.0
2025-09-10 09:18:53,334 [WARN] PackLoader:240 - Cannot read IP mode file for STMicroelectronics.X-CUBE-MEMS1.11.3.0
2025-09-10 09:18:53,836 [WARN] PackLoader:240 - Cannot read IP mode file for STMicroelectronics.X-CUBE-PM33A1.1.0.0
2025-09-10 09:18:53,920 [WARN] PackLoader:240 - Cannot read IP mode file for STMicroelectronics.X-CUBE-AZRTOS-F4.1.1.0
2025-09-10 09:18:53,960 [WARN] PackLoader:240 - Cannot read IP mode file for STMicroelectronics.X-CUBE-ISPU.2.1.0
2025-09-10 09:18:54,001 [WARN] PackLoader:240 - Cannot read IP mode file for STMicroelectronics.X-CUBE-NFC12.1.0.0
2025-09-10 09:18:54,106 [WARN] PackLoader:240 - Cannot read IP mode file for STMicroelectronics.X-CUBE-AZRTOS-L5.2.0.0
2025-09-10 09:18:54,195 [WARN] PackLoader:240 - Cannot read IP mode file for STMicroelectronics.X-CUBE-NFC6.3.1.0
2025-09-10 09:18:54,233 [WARN] PackLoader:240 - Cannot read IP mode file for STMicroelectronics.X-CUBE-FREERTOS.1.3.1
2025-09-10 09:18:54,299 [WARN] PackLoader:240 - Cannot read IP mode file for STMicroelectronics.FP-SNS-STAIOTCFT.1.0.0
2025-09-10 09:18:54,331 [WARN] PackLoader:240 - Cannot read IP mode file for STMicroelectronics.X-CUBE-DPower.1.3.0
2025-09-10 09:18:54,482 [WARN] ConditionMgr:438 - getConditionDescription Invalid condition id : LAN8742 Phy interface Condition cause : null
2025-09-10 09:18:54,483 [WARN] PackLoader:240 - Cannot read IP mode file for STMicroelectronics.X-CUBE-AZRTOS-L4.2.0.0
2025-09-10 09:18:54,486 [WARN] ConditionMgr:1044 - genDependencies : Invalid condition id : LAN8742 Phy interface Condition cause : null
2025-09-10 09:18:54,486 [WARN] ConditionMgr:1044 - genDependencies : Invalid condition id : LAN8742 Phy interface Condition cause : null
2025-09-10 09:18:54,487 [WARN] ConditionMgr:1044 - genDependencies : Invalid condition id : LAN8742 Phy interface Condition cause : null
2025-09-10 09:18:54,540 [WARN] PackLoader:240 - Cannot read IP mode file for STMicroelectronics.X-CUBE-SFXS2LP1.4.0.0
2025-09-10 09:18:54,587 [WARN] PackLoader:240 - Cannot read IP mode file for STMicroelectronics.X-CUBE-BLEMGR.4.1.0
2025-09-10 09:18:54,648 [WARN] ConditionMgr:438 - getConditionDescription Invalid condition id : UX DEVICE CLASS RTOS Condition cause : null
2025-09-10 09:18:54,648 [WARN] ConditionMgr:438 - getConditionDescription Invalid condition id : UX DEVICE CLASS RTOS Condition cause : null
2025-09-10 09:18:54,652 [WARN] PackLoader:240 - Cannot read IP mode file for STMicroelectronics.X-CUBE-AZRTOS-WB.2.0.0
2025-09-10 09:18:54,653 [WARN] ConditionMgr:1044 - genDependencies : Invalid condition id : UX DEVICE CLASS RTOS Condition cause : null
2025-09-10 09:18:54,654 [WARN] ConditionMgr:1044 - genDependencies : Invalid condition id : UX DEVICE CLASS RTOS Condition cause : null
2025-09-10 09:18:54,655 [WARN] ConditionMgr:1044 - genDependencies : Invalid condition id : UX DEVICE CLASS RTOS Condition cause : null
2025-09-10 09:18:54,655 [WARN] ConditionMgr:1044 - genDependencies : Invalid condition id : UX DEVICE CLASS RTOS Condition cause : null
2025-09-10 09:18:54,656 [WARN] ConditionMgr:1044 - genDependencies : Invalid condition id : UX DEVICE CLASS RTOS Condition cause : null
2025-09-10 09:18:54,724 [WARN] PackLoader:240 - Cannot read IP mode file for STMicroelectronics.X-CUBE-GNSS1.7.0.1
2025-09-10 09:18:54,759 [WARN] PackLoader:240 - Cannot read IP mode file for STMicroelectronics.X-CUBE-TOUCHGFX.4.25.0
2025-09-10 09:18:54,793 [WARN] ConditionMgr:438 - getConditionDescription Invalid condition id : Cortex-A Device cause : null
2025-09-10 09:18:54,840 [WARN] ConditionMgr:1044 - genDependencies : Invalid condition id : Cortex-A Device cause : null
2025-09-10 09:18:54,840 [WARN] ConditionMgr:1044 - genDependencies : Invalid condition id : Cortex-A Device cause : null
2025-09-10 09:18:54,841 [WARN] ConditionMgr:1044 - genDependencies : Invalid condition id : Cortex-A Device cause : null
2025-09-10 09:18:54,910 [WARN] PackLoader:240 - Cannot read IP mode file for STMicroelectronics.X-CUBE-SUBG2.5.0.0
2025-09-10 09:18:55,008 [WARN] PackLoader:240 - Cannot read IP mode file for STMicroelectronics.X-CUBE-AZRTOS-H7RS.1.1.0
2025-09-10 09:18:55,025 [WARN] PackLoader:240 - Cannot read IP mode file for Cesanta.I-CUBE-Mongoose.7.13.0
2025-09-10 09:18:55,134 [WARN] PackLoader:240 - Cannot read IP mode file for STMicroelectronics.X-CUBE-AZRTOS-G4.2.0.0
2025-09-10 09:18:55,167 [WARN] PackLoader:240 - Cannot read IP mode file for wolfSSL.I-CUBE-wolfSSH.1.4.20
2025-09-10 09:18:55,210 [WARN] PackLoader:240 - Cannot read IP mode file for STMicroelectronics.X-CUBE-NFC7.2.0.0
2025-09-10 09:18:55,278 [WARN] PackLoader:240 - Cannot read IP mode file for STMicroelectronics.X-CUBE-IPS.3.1.0
2025-09-10 09:18:55,359 [WARN] PackLoader:240 - Cannot read IP mode file for STMicroelectronics.X-CUBE-ALS.1.0.2
2025-09-10 09:18:55,402 [WARN] PackLoader:240 - Cannot read IP mode file for STMicroelectronics.X-CUBE-STSE01.1.0.0
2025-09-10 09:18:55,461 [WARN] PackLoader:240 - Cannot read IP mode file for portGmbH.I-Cube-SoM-uGOAL.1.1.0
2025-09-10 09:18:55,514 [WARN] PackLoader:240 - Cannot read IP mode file for STMicroelectronics.X-CUBE-TOF1.3.4.3
2025-09-10 09:18:55,532 [INFO] ThirdParty:978 - Integrity check success = true
2025-09-10 09:18:55,532 [INFO] IntegrityCheckThread:100 - exiting critical section [integrity check]
2025-09-10 09:18:55,533 [INFO] IntegrityCheckThread:103 - End integrity checks thread
2025-09-10 09:18:55,938 [INFO] WebApp:463 - Apply proxy settings
2025-09-10 09:18:55,939 [INFO] WebApp:548 - Chromium requires no authentication
2025-09-10 09:18:56,030 [INFO] WebApp:491 - Direct internet connection detected
2025-09-10 09:18:56,128 [INFO] WebApp:900 - Register for checkConnection events
2025-09-10 09:18:56,128 [INFO] WebApp:463 - Apply proxy settings
2025-09-10 09:18:56,128 [INFO] WebApp:548 - Chromium requires no authentication
2025-09-10 09:18:56,129 [INFO] WebApp:491 - Direct internet connection detected
2025-09-10 09:18:57,022 [INFO] WebApp:225 - Starting web application
2025-09-10 09:18:57,022 [INFO] WebApp:593 - Web application path used C:\ST\STM32CubeIDE_1.19.0\STM32CubeIDE\plugins\com.st.stm32cube.common.mx_6.15.0.202507011659\db\plugins\mcufinder\reactClient1\index.html
2025-09-10 09:18:57,382 [INFO] WebApp:191 - Connection restablished
2025-09-10 09:18:57,501 [INFO] UserAuth:487 - Internet connection configuration mode: 1
